Archive member included to satisfy reference by file (symbol)

.\CortexM3\ARM_GCC_541\Debug\DigitalUtilityExample01.a(CyLib.o)
                              .\CortexM3\ARM_GCC_541\Debug\Cm3Start.o (CyHalt)
.\CortexM3\ARM_GCC_541\Debug\DigitalUtilityExample01.a(cyPm.o)
                              .\CortexM3\ARM_GCC_541\Debug\DigitalUtilityExample01.a(CyLib.o) (CyPmReadStatus)
.\CortexM3\ARM_GCC_541\Debug\DigitalUtilityExample01.a(debounced_Int.o)
                              .\CortexM3\ARM_GCC_541\Debug\main.o (debounced_Int_StartEx)
.\CortexM3\ARM_GCC_541\Debug\DigitalUtilityExample01.a(screen.o)
                              .\CortexM3\ARM_GCC_541\Debug\main.o (screen_Start)
.\CortexM3\ARM_GCC_541\Debug\DigitalUtilityExample01.a(screen_INT.o)
                              .\CortexM3\ARM_GCC_541\Debug\DigitalUtilityExample01.a(screen.o) (screen_RXISR)
.\CortexM3\ARM_GCC_541\Debug\DigitalUtilityExample01.a(PRINTER_A.o)
                              .\CortexM3\ARM_GCC_541\Debug\main.o (PRINTER_A_Start)
.\CortexM3\ARM_GCC_541\Debug\DigitalUtilityExample01.a(PRINTER_A_INT.o)
                              .\CortexM3\ARM_GCC_541\Debug\DigitalUtilityExample01.a(PRINTER_A.o) (PRINTER_A_TXISR)
.\CortexM3\ARM_GCC_541\Debug\DigitalUtilityExample01.a(screen_IntClock.o)
                              .\CortexM3\ARM_GCC_541\Debug\DigitalUtilityExample01.a(screen.o) (screen_IntClock_Start)
.\CortexM3\ARM_GCC_541\Debug\DigitalUtilityExample01.a(PRINTER_A_IntClock.o)
                              .\CortexM3\ARM_GCC_541\Debug\DigitalUtilityExample01.a(PRINTER_A.o) (PRINTER_A_IntClock_Start)
.\CortexM3\ARM_GCC_541\Debug\DigitalUtilityExample01.a(EEPROM_1.o)
                              .\CortexM3\ARM_GCC_541\Debug\main.o (EEPROM_1_Start)
.\CortexM3\ARM_GCC_541\Debug\DigitalUtilityExample01.a(CyBootAsmGnu.o)
                              .\CortexM3\ARM_GCC_541\Debug\cyfitter_cfg.o (CyDelayCycles)
.\CortexM3\ARM_GCC_541\Debug\DigitalUtilityExample01.a(CyFlash.o)
                              .\CortexM3\ARM_GCC_541\Debug\DigitalUtilityExample01.a(EEPROM_1.o) (dieTemperature)
.\CortexM3\ARM_GCC_541\Debug\DigitalUtilityExample01.a(CySpc.o)
                              .\CortexM3\ARM_GCC_541\Debug\DigitalUtilityExample01.a(EEPROM_1.o) (CySpcStart)
c:/program files (x86)/cypress/psoc creator/4.2/psoc creator/import/gnu/arm/5.4.1/bin/../lib/gcc/arm-none-eabi/5.4.1/../../../../arm-none-eabi/lib/armv7-m\libg_nano.a(lib_a-atoi.o)
                              .\CortexM3\ARM_GCC_541\Debug\main.o (atoi)
c:/program files (x86)/cypress/psoc creator/4.2/psoc creator/import/gnu/arm/5.4.1/bin/../lib/gcc/arm-none-eabi/5.4.1/../../../../arm-none-eabi/lib/armv7-m\libg_nano.a(lib_a-errno.o)
                              .\CortexM3\ARM_GCC_541\Debug\Cm3Start.o (__errno)
c:/program files (x86)/cypress/psoc creator/4.2/psoc creator/import/gnu/arm/5.4.1/bin/../lib/gcc/arm-none-eabi/5.4.1/../../../../arm-none-eabi/lib/armv7-m\libg_nano.a(lib_a-exit.o)
                              c:/program files (x86)/cypress/psoc creator/4.2/psoc creator/import/gnu/arm/5.4.1/bin/../lib/gcc/arm-none-eabi/5.4.1/../../../../arm-none-eabi/lib/armv7-m/crt0.o (exit)
c:/program files (x86)/cypress/psoc creator/4.2/psoc creator/import/gnu/arm/5.4.1/bin/../lib/gcc/arm-none-eabi/5.4.1/../../../../arm-none-eabi/lib/armv7-m\libg_nano.a(lib_a-impure.o)
                              c:/program files (x86)/cypress/psoc creator/4.2/psoc creator/import/gnu/arm/5.4.1/bin/../lib/gcc/arm-none-eabi/5.4.1/../../../../arm-none-eabi/lib/armv7-m\libg_nano.a(lib_a-exit.o) (_global_impure_ptr)
c:/program files (x86)/cypress/psoc creator/4.2/psoc creator/import/gnu/arm/5.4.1/bin/../lib/gcc/arm-none-eabi/5.4.1/../../../../arm-none-eabi/lib/armv7-m\libg_nano.a(lib_a-init.o)
                              c:/program files (x86)/cypress/psoc creator/4.2/psoc creator/import/gnu/arm/5.4.1/bin/../lib/gcc/arm-none-eabi/5.4.1/../../../../arm-none-eabi/lib/armv7-m/crt0.o (__libc_init_array)
c:/program files (x86)/cypress/psoc creator/4.2/psoc creator/import/gnu/arm/5.4.1/bin/../lib/gcc/arm-none-eabi/5.4.1/../../../../arm-none-eabi/lib/armv7-m\libg_nano.a(lib_a-memcpy-stub.o)
                              .\CortexM3\ARM_GCC_541\Debug\cyfitter_cfg.o (memcpy)
c:/program files (x86)/cypress/psoc creator/4.2/psoc creator/import/gnu/arm/5.4.1/bin/../lib/gcc/arm-none-eabi/5.4.1/../../../../arm-none-eabi/lib/armv7-m\libg_nano.a(lib_a-memset.o)
                              c:/program files (x86)/cypress/psoc creator/4.2/psoc creator/import/gnu/arm/5.4.1/bin/../lib/gcc/arm-none-eabi/5.4.1/../../../../arm-none-eabi/lib/armv7-m/crt0.o (memset)
c:/program files (x86)/cypress/psoc creator/4.2/psoc creator/import/gnu/arm/5.4.1/bin/../lib/gcc/arm-none-eabi/5.4.1/../../../../arm-none-eabi/lib/armv7-m\libg_nano.a(lib_a-strtol.o)
[...]
Memory Configuration

Name             Origin             Length             Attributes
rom              0x00000000         0x00040000         xr
ram              0x1fff8000         0x00010000         xrw
*default*        0x00000000         0xffffffff

Linker script and memory map

LOAD c:/program files (x86)/cypress/psoc creator/4.2/psoc creator/import/gnu/arm/5.4.1/bin/../lib/gcc/arm-none-eabi/5.4.1/armv7-m/crti.o
LOAD c:/program files (x86)/cypress/psoc creator/4.2/psoc creator/import/gnu/arm/5.4.1/bin/../lib/gcc/arm-none-eabi/5.4.1/armv7-m/crtbegin.o
LOAD c:/program files (x86)/cypress/psoc creator/4.2/psoc creator/import/gnu/arm/5.4.1/bin/../lib/gcc/arm-none-eabi/5.4.1/../../../../arm-none-eabi/lib/armv7-m/crt0.o
START GROUP
LOAD .\CortexM3\ARM_GCC_541\Debug\main.o
LOAD .\CortexM3\ARM_GCC_541\Debug\printer.o
LOAD .\CortexM3\ARM_GCC_541\Debug\cyfitter_cfg.o
LOAD .\CortexM3\ARM_GCC_541\Debug\cymetadata.o
LOAD .\CortexM3\ARM_GCC_541\Debug\Cm3Start.o
LOAD .\CortexM3\ARM_GCC_541\Debug\DigitalUtilityExample01.a
LOAD C:\Program Files (x86)\Cypress\PSoC Creator\4.2\PSoC Creator\psoc\content\cycomponentlibrary\CyComponentLibrary.cylib\CortexM3\ARM_GCC_541\Debug\CyComponentLibrary.a
END GROUP
START GROUP
LOAD c:/program files (x86)/cypress/psoc creator/4.2/psoc creator/import/gnu/arm/5.4.1/bin/../lib/gcc/arm-none-eabi/5.4.1/armv7-m\libgcc.a
LOAD c:/program files (x86)/cypress/psoc creator/4.2/psoc creator/import/gnu/arm/5.4.1/bin/../lib/gcc/arm-none-eabi/5.4.1/../../../../arm-none-eabi/lib/armv7-m\libg_nano.a
LOAD c:/program files (x86)/cypress/psoc creator/4.2/psoc creator/import/gnu/arm/5.4.1/bin/../lib/gcc/arm-none-eabi/5.4.1/../../../../arm-none-eabi/lib/armv7-m\libc_nano.a
END GROUP
START GROUP
LOAD c:/program files (x86)/cypress/psoc creator/4.2/psoc creator/import/gnu/arm/5.4.1/bin/../lib/gcc/arm-none-eabi/5.4.1/armv7-m\libgcc.a
LOAD c:/program files (x86)/cypress/psoc creator/4.2/psoc creator/import/gnu/arm/5.4.1/bin/../lib/gcc/arm-none-eabi/5.4.1/../../../../arm-none-eabi/lib/armv7-m\libc_nano.a
END GROUP
LOAD c:/program files (x86)/cypress/psoc creator/4.2/psoc creator/import/gnu/arm/5.4.1/bin/../lib/gcc/arm-none-eabi/5.4.1/armv7-m/crtend.o
LOAD c:/program files (x86)/cypress/psoc creator/4.2/psoc creator/import/gnu/arm/5.4.1/bin/../lib/gcc/arm-none-eabi/5.4.1/armv7-m/crtn.o
START GROUP
LOAD c:/program files (x86)/cypress/psoc creator/4.2/psoc creator/import/gnu/arm/5.4.1/bin/../lib/gcc/arm-none-eabi/5.4.1/armv7-m\libgcc.a
LOAD c:/program files (x86)/cypress/psoc creator/4.2/psoc creator/import/gnu/arm/5.4.1/bin/../lib/gcc/arm-none-eabi/5.4.1/../../../../arm-none-eabi/lib/armv7-m\libc.a
LOAD c:/program files (x86)/cypress/psoc creator/4.2/psoc creator/import/gnu/arm/5.4.1/bin/../lib/gcc/arm-none-eabi/5.4.1/../../../../arm-none-eabi/lib/armv7-m\libnosys.a
END GROUP
                0x00000000                CY_APPL_ORIGIN = 0x0
                0x00000100                CY_FLASH_ROW_SIZE = 0x100
                0x00000020                CY_ECC_ROW_SIZE = 0x20
                0x00000000                CY_EE_IN_BTLDR = 0x0
                0x00000000                CY_APPL_LOADABLE = 0x0
                0x00000800                CY_EE_SIZE = 0x800
                0x00000001                CY_APPL_NUM = 0x1
                0x00000001                CY_APPL_MAX = 0x1
                0x00000040                CY_METADATA_SIZE = 0x40
                0x00000000                CY_APPL_LOADABLE = 0x0
                0x00000000                CY_CHECKSUM_EXCLUDE_SIZE = ALIGN (0x0, CY_FLASH_ROW_SIZE)
                [!provide]                PROVIDE (__cy_heap_start, _end)
                0x00000001                PROVIDE (__cy_region_num, ((__cy_regions_end - __cy_regions) / 0x10))
                0x20008000                PROVIDE (__cy_stack, (ORIGIN (ram) + LENGTH (ram)))
                [!provide]                PROVIDE (__cy_heap_end, (__cy_stack - 0x800))

.cybootloader   0x00000000        0x0
 *(.cybootloader)
                0x00000000                appl1_start = CY_APPL_ORIGIN?CY_APPL_ORIGIN:ALIGN (CY_FLASH_ROW_SIZE)
                0x0001ff00                appl2_start = (appl1_start + ALIGN ((((LENGTH (rom) - appl1_start) - (0x2 * CY_FLASH_ROW_SIZE)) / 0x2), CY_FLASH_ROW_SIZE))
                0x00000000                appl_start = (CY_APPL_NUM == 0x1)?appl1_start:appl2_start
                0x00000000                ecc_offset = ((appl_start / CY_FLASH_ROW_SIZE) * CY_ECC_ROW_SIZE)
                0x00000000                ee_offset = (CY_APPL_LOADABLE && ! (CY_EE_IN_BTLDR))?((CY_EE_SIZE / CY_APPL_MAX) * (CY_APPL_NUM - 0x1)):0x0
                0x00000800                ee_size = (CY_APPL_LOADABLE && ! (CY_EE_IN_BTLDR))?(CY_EE_SIZE / CY_APPL_MAX):CY_EE_SIZE
                [!provide]                PROVIDE (CY_ECC_OFFSET, ecc_offset)

.text           0x00000000     0x198c
 CREATE_OBJECT_SYMBOLS
                0x00000000                PROVIDE (__cy_interrupt_vector, RomVectors)
 *(.romvectors)
 .romvectors    0x00000000       0x10 .\CortexM3\ARM_GCC_541\Debug\Cm3Start.o
                0x00000000                RomVectors
                0x00000001                ASSERT ((. != __cy_interrupt_vector), No interrupt vector)
                0x00000001                ASSERT (CY_APPL_ORIGIN?(SIZEOF (.cybootloader) <= CY_APPL_ORIGIN):0x1, Wrong image location)
                0x00000010                PROVIDE (__cy_reset, Reset)
 *(.text.Reset)
 .text.Reset    0x00000010       0x18 .\CortexM3\ARM_GCC_541\Debug\Cm3Start.o
                0x00000010                Reset
                0x00000001                ASSERT ((. != __cy_reset), No reset code)
 *(.dma_init)
                0x00000001                ASSERT ((((appl_start + .) <= 0x10000) || 0x1), DMA Init must be within the first 64k of flash)
 *(.text .text.* .gnu.linkonce.t.*)
 .text          0x00000028       0x5c c:/program files (x86)/cypress/psoc creator/4.2/psoc creator/import/gnu/arm/5.4.1/bin/../lib/gcc/arm-none-eabi/5.4.1/armv7-m/crtbegin.o
 .text.debouncedInt_Handler
                0x00000084       0x10 .\CortexM3\ARM_GCC_541\Debug\main.o
                0x00000084                debouncedInt_Handler
 .text.main     0x00000094      0x458 .\CortexM3\ARM_GCC_541\Debug\main.o
                0x00000094                main
 .text.PrintReceipt
                0x000004ec      0x5fc .\CortexM3\ARM_GCC_541\Debug\printer.o
                0x000004ec                PrintReceipt
 .text.CyClockStartupError
                0x00000ae8        0x4 .\CortexM3\ARM_GCC_541\Debug\cyfitter_cfg.o
 .text.cfg_write_bytes32
                0x00000aec       0x34 .\CortexM3\ARM_GCC_541\Debug\cyfitter_cfg.o
 .text.AnalogSetDefault
                0x00000b20       0x28 .\CortexM3\ARM_GCC_541\Debug\cyfitter_cfg.o
 .text.CYMEMZERO
                0x00000b48        0xc .\CortexM3\ARM_GCC_541\Debug\cyfitter_cfg.o
 .text.ClockSetup
                0x00000b54       0xd4 .\CortexM3\ARM_GCC_541\Debug\cyfitter_cfg.o
 .text.CYCONFIGCPY
                0x00000c28        0x8 .\CortexM3\ARM_GCC_541\Debug\cyfitter_cfg.o
 .text.cyfitter_cfg
                0x00000c30      0x110 .\CortexM3\ARM_GCC_541\Debug\cyfitter_cfg.o
                0x00000c30                cyfitter_cfg
 .text.IntDefaultHandler
                0x00000d40       0x10 .\CortexM3\ARM_GCC_541\Debug\Cm3Start.o
                0x00000d40                IntDefaultHandler
 .text.Start_c  0x00000d50       0x4c .\CortexM3\ARM_GCC_541\Debug\Cm3Start.o
                0x00000d50                Start_c
 .text.initialize_psoc
                0x00000d9c       0x68 .\CortexM3\ARM_GCC_541\Debug\Cm3Start.o
                0x00000d9c                initialize_psoc
 .text.CyHalt   0x00000e04        0x4 .\CortexM3\ARM_GCC_541\Debug\DigitalUtilityExample01.a(CyLib.o)
                0x00000e04                CyHalt
 .text.CyDelay  0x00000e08       0x2c .\CortexM3\ARM_GCC_541\Debug\DigitalUtilityExample01.a(CyLib.o)
                0x00000e08                CyDelay
 .text.CyDelayUs
                0x00000e34       0x14 .\CortexM3\ARM_GCC_541\Debug\DigitalUtilityExample01.a(CyLib.o)
                0x00000e34                CyDelayUs
 .text.CyIntSetVector
                0x00000e48       0x28 .\CortexM3\ARM_GCC_541\Debug\DigitalUtilityExample01.a(CyLib.o)
                0x00000e48                CyIntSetVector
 .text.CyIntSetPriority
                0x00000e70       0x30 .\CortexM3\ARM_GCC_541\Debug\DigitalUtilityExample01.a(CyLib.o)
                0x00000e70                CyIntSetPriority
 .text.debounced_Int_SetVector
                0x00000ea0        0xc .\CortexM3\ARM_GCC_541\Debug\DigitalUtilityExample01.a(debounced_Int.o)
                0x00000ea0                debounced_Int_SetVector
 .text.debounced_Int_SetPriority
                0x00000eac       0x10 .\CortexM3\ARM_GCC_541\Debug\DigitalUtilityExample01.a(debounced_Int.o)
                0x00000eac                debounced_Int_SetPriority
 .text.debounced_Int_Enable
                0x00000ebc        0xc .\CortexM3\ARM_GCC_541\Debug\DigitalUtilityExample01.a(debounced_Int.o)
                0x00000ebc                debounced_Int_Enable
 .text.debounced_Int_Disable
                0x00000ec8        0xc .\CortexM3\ARM_GCC_541\Debug\DigitalUtilityExample01.a(debounced_Int.o)
                0x00000ec8                debounced_Int_Disable
 .text.debounced_Int_StartEx
                0x00000ed4       0x1c .\CortexM3\ARM_GCC_541\Debug\DigitalUtilityExample01.a(debounced_Int.o)
                0x00000ed4                debounced_Int_StartEx
 .text.debounced_Int_ClearPending
                0x00000ef0        0xc .\CortexM3\ARM_GCC_541\Debug\DigitalUtilityExample01.a(debounced_Int.o)
                0x00000ef0                debounced_Int_ClearPending
 .text.screen_Init
                0x00000efc       0x60 .\CortexM3\ARM_GCC_541\Debug\DigitalUtilityExample01.a(screen.o)
                0x00000efc                screen_Init
 .text.screen_Enable
                0x00000f5c       0x54 .\CortexM3\ARM_GCC_541\Debug\DigitalUtilityExample01.a(screen.o)
                0x00000f5c                screen_Enable
 .text.screen_Start
                0x00000fb0       0x1c .\CortexM3\ARM_GCC_541\Debug\DigitalUtilityExample01.a(screen.o)
                0x00000fb0                screen_Start
 .text.screen_ReadRxData
                0x00000fcc       0x64 .\CortexM3\ARM_GCC_541\Debug\DigitalUtilityExample01.a(screen.o)
                0x00000fcc                screen_ReadRxData
 .text.screen_GetRxBufferSize
                0x00001030       0x60 .\CortexM3\ARM_GCC_541\Debug\DigitalUtilityExample01.a(screen.o)
                0x00001030                screen_GetRxBufferSize
 .text.screen_PutChar
                0x00001090       0x70 .\CortexM3\ARM_GCC_541\Debug\DigitalUtilityExample01.a(screen.o)
                0x00001090                screen_PutChar
 .text.screen_RXISR
                0x00001100       0x98 .\CortexM3\ARM_GCC_541\Debug\DigitalUtilityExample01.a(screen_INT.o)
                0x00001100                screen_RXISR
 .text.screen_TXISR
                0x00001198       0x58 .\CortexM3\ARM_GCC_541\Debug\DigitalUtilityExample01.a(screen_INT.o)
                0x00001198                screen_TXISR
 .text.PRINTER_A_Init
                0x000011f0       0x30 .\CortexM3\ARM_GCC_541\Debug\DigitalUtilityExample01.a(PRINTER_A.o)
                0x000011f0                PRINTER_A_Init
 .text.PRINTER_A_Enable
                0x00001220       0x34 .\CortexM3\ARM_GCC_541\Debug\DigitalUtilityExample01.a(PRINTER_A.o)
                0x00001220                PRINTER_A_Enable
 .text.PRINTER_A_Start
                0x00001254       0x1c .\CortexM3\ARM_GCC_541\Debug\DigitalUtilityExample01.a(PRINTER_A.o)
                0x00001254                PRINTER_A_Start
 .text.PRINTER_A_PutChar
                0x00001270       0x70 .\CortexM3\ARM_GCC_541\Debug\DigitalUtilityExample01.a(PRINTER_A.o)
                0x00001270                PRINTER_A_PutChar
 .text.PRINTER_A_TXISR
                0x000012e0       0x58 .\CortexM3\ARM_GCC_541\Debug\DigitalUtilityExample01.a(PRINTER_A_INT.o)
                0x000012e0                PRINTER_A_TXISR
 .text.screen_IntClock_Start
                0x00001338       0x1c .\CortexM3\ARM_GCC_541\Debug\DigitalUtilityExample01.a(screen_IntClock.o)
                0x00001338                screen_IntClock_Start
 .text.PRINTER_A_IntClock_Start
                0x00001354       0x1c .\CortexM3\ARM_GCC_541\Debug\DigitalUtilityExample01.a(PRINTER_A_IntClock.o)
                0x00001354                PRINTER_A_IntClock_Start
 .text.EEPROM_1_Enable
                0x00001370        0xc .\CortexM3\ARM_GCC_541\Debug\DigitalUtilityExample01.a(EEPROM_1.o)
                0x00001370                EEPROM_1_Enable
 .text.EEPROM_1_Start
                0x0000137c        0x8 .\CortexM3\ARM_GCC_541\Debug\DigitalUtilityExample01.a(EEPROM_1.o)
                0x0000137c                EEPROM_1_Start
 .text.EEPROM_1_WriteByte
                0x00001384       0xd0 .\CortexM3\ARM_GCC_541\Debug\DigitalUtilityExample01.a(EEPROM_1.o)
                0x00001384                EEPROM_1_WriteByte
 .text.EEPROM_1_ReadByte
                0x00001454       0x28 .\CortexM3\ARM_GCC_541\Debug\DigitalUtilityExample01.a(EEPROM_1.o)
                0x00001454                EEPROM_1_ReadByte
 *fill*         0x0000147c        0x4 
 .text          0x00001480       0x20 .\CortexM3\ARM_GCC_541\Debug\DigitalUtilityExample01.a(CyBootAsmGnu.o)
                0x00001480                CyDelayCycles
                0x00001490                CyEnterCriticalSection
                0x00001498                CyExitCriticalSection
 .text.CyFlashGetSpcAlgorithm
                0x000014a0       0x4c .\CortexM3\ARM_GCC_541\Debug\DigitalUtilityExample01.a(CyFlash.o)
 .text.CySetTempInt
                0x000014ec       0x60 .\CortexM3\ARM_GCC_541\Debug\DigitalUtilityExample01.a(CyFlash.o)
 .text.CySetTemp
                0x0000154c       0x14 .\CortexM3\ARM_GCC_541\Debug\DigitalUtilityExample01.a(CyFlash.o)
                0x0000154c                CySetTemp
 .text.CyEEPROM_Start
                0x00001560       0x54 .\CortexM3\ARM_GCC_541\Debug\DigitalUtilityExample01.a(CyFlash.o)
                0x00001560                CyEEPROM_Start
 .text.CyEEPROM_ReadReserve
                0x000015b4       0x1c .\CortexM3\ARM_GCC_541\Debug\DigitalUtilityExample01.a(CyFlash.o)
                0x000015b4                CyEEPROM_ReadReserve
 .text.CyEEPROM_ReadRelease
                0x000015d0       0x10 .\CortexM3\ARM_GCC_541\Debug\DigitalUtilityExample01.a(CyFlash.o)
                0x000015d0                CyEEPROM_ReadRelease
 .text.CySpcStart
                0x000015e0       0x24 .\CortexM3\ARM_GCC_541\Debug\DigitalUtilityExample01.a(CySpc.o)
                0x000015e0                CySpcStart
 .text.CySpcReadData
                0x00001604       0x34 .\CortexM3\ARM_GCC_541\Debug\DigitalUtilityExample01.a(CySpc.o)
                0x00001604                CySpcReadData
 .text.CySpcLoadMultiByte
                0x00001638       0x78 .\CortexM3\ARM_GCC_541\Debug\DigitalUtilityExample01.a(CySpc.o)
                0x00001638                CySpcLoadMultiByte
 .text.CySpcWriteRow
                0x000016b0       0x4c .\CortexM3\ARM_GCC_541\Debug\DigitalUtilityExample01.a(CySpc.o)
                0x000016b0                CySpcWriteRow
 .text.CySpcGetTemp
                0x000016fc       0x3c .\CortexM3\ARM_GCC_541\Debug\DigitalUtilityExample01.a(CySpc.o)
                0x000016fc                CySpcGetTemp
 .text.CySpcLock
                0x00001738       0x4c .\CortexM3\ARM_GCC_541\Debug\DigitalUtilityExample01.a(CySpc.o)
                0x00001738                CySpcLock
 .text.CySpcUnlock
                0x00001784       0x38 .\CortexM3\ARM_GCC_541\Debug\DigitalUtilityExample01.a(CySpc.o)
                0x00001784                CySpcUnlock
 .text.CySpcGetAlgorithm
                0x000017bc       0x28 .\CortexM3\ARM_GCC_541\Debug\DigitalUtilityExample01.a(CySpc.o)
                0x000017bc                CySpcGetAlgorithm
 .text.atoi     0x000017e4        0x8 c:/program files (x86)/cypress/psoc creator/4.2/psoc creator/import/gnu/arm/5.4.1/bin/../lib/gcc/arm-none-eabi/5.4.1/../../../../arm-none-eabi/lib/armv7-m\libg_nano.a(lib_a-atoi.o)
                0x000017e4                atoi
 .text.__errno  0x000017ec        0xc c:/program files (x86)/cypress/psoc creator/4.2/psoc creator/import/gnu/arm/5.4.1/bin/../lib/gcc/arm-none-eabi/5.4.1/../../../../arm-none-eabi/lib/armv7-m\libg_nano.a(lib_a-errno.o)
                0x000017ec                __errno
 .text.__libc_init_array
                0x000017f8       0x4c c:/program files (x86)/cypress/psoc creator/4.2/psoc creator/import/gnu/arm/5.4.1/bin/../lib/gcc/arm-none-eabi/5.4.1/../../../../arm-none-eabi/lib/armv7-m\libg_nano.a(lib_a-init.o)
                0x000017f8                __libc_init_array
 .text.memcpy   0x00001844       0x16 c:/program files (x86)/cypress/psoc creator/4.2/psoc creator/import/gnu/arm/5.4.1/bin/../lib/gcc/arm-none-eabi/5.4.1/../../../../arm-none-eabi/lib/armv7-m\libg_nano.a(lib_a-memcpy-stub.o)
                0x00001844                memcpy
 .text.memset   0x0000185a       0x10 c:/program files (x86)/cypress/psoc creator/4.2/psoc creator/import/gnu/arm/5.4.1/bin/../lib/gcc/arm-none-eabi/5.4.1/../../../../arm-none-eabi/lib/armv7-m\libg_nano.a(lib_a-memset.o)
                0x0000185a                memset
 *fill*         0x0000186a        0x2 
 .text._strtol_r
                0x0000186c      0x10c c:/program files (x86)/cypress/psoc creator/4.2/psoc creator/import/gnu/arm/5.4.1/bin/../lib/gcc/arm-none-eabi/5.4.1/../../../../arm-none-eabi/lib/armv7-m\libg_nano.a(lib_a-strtol.o)
                0x0000186c                _strtol_r
 .text.strtol   0x00001978       0x14 c:/program files (x86)/cypress/psoc creator/4.2/psoc creator/import/gnu/arm/5.4.1/bin/../lib/gcc/arm-none-eabi/5.4.1/../../../../arm-none-eabi/lib/armv7-m\libg_nano.a(lib_a-strtol.o)
                0x00001978                strtol
 *(.plt)
 *(.gnu.warning)
 *(.glue_7t)
 .glue_7t       0x0000198c        0x0 linker stubs
 *(.glue_7)
 .glue_7        0x0000198c        0x0 linker stubs
 *(.vfp11_veneer)
 .vfp11_veneer  0x0000198c        0x0 linker stubs
 *(.bootloader)
 *(.ARM.extab* .gnu.linkonce.armextab.*)
 *(.gcc_except_table)

.v4_bx          0x0000198c        0x0
 .v4_bx         0x0000198c        0x0 linker stubs

.iplt           0x0000198c        0x0
 .iplt          0x0000198c        0x0 c:/program files (x86)/cypress/psoc creator/4.2/psoc creator/import/gnu/arm/5.4.1/bin/../lib/gcc/arm-none-eabi/5.4.1/armv7-m/crtbegin.o

.eh_frame_hdr
 *(.eh_frame_hdr)

.eh_frame       0x0000198c        0x4
 *(.eh_frame)
 .eh_frame      0x0000198c        0x0 c:/program files (x86)/cypress/psoc creator/4.2/psoc creator/import/gnu/arm/5.4.1/bin/../lib/gcc/arm-none-eabi/5.4.1/armv7-m/crtbegin.o
 .eh_frame      0x0000198c        0x4 c:/program files (x86)/cypress/psoc creator/4.2/psoc creator/import/gnu/arm/5.4.1/bin/../lib/gcc/arm-none-eabi/5.4.1/armv7-m/crtend.o
                [!provide]                PROVIDE (__exidx_start, .)

.ARM.exidx
 *(.ARM.exidx* .gnu.linkonce.armexidx.*)
                0x00001990                __exidx_end = .

.rodata         0x00001990      0x180
 *(.rodata .rodata.* .gnu.linkonce.r.*)
 .rodata        0x00001990       0x46 .\CortexM3\ARM_GCC_541\Debug\cyfitter_cfg.o
 .rodata.str1.1
                0x000019d6        0x2 c:/program files (x86)/cypress/psoc creator/4.2/psoc creator/import/gnu/arm/5.4.1/bin/../lib/gcc/arm-none-eabi/5.4.1/../../../../arm-none-eabi/lib/armv7-m\libg_nano.a(lib_a-impure.o)
 .rodata._ctype_
                0x000019d8      0x101 c:/program files (x86)/cypress/psoc creator/4.2/psoc creator/import/gnu/arm/5.4.1/bin/../lib/gcc/arm-none-eabi/5.4.1/../../../../arm-none-eabi/lib/armv7-m\libg_nano.a(lib_a-ctype_.o)
                0x000019d8                _ctype_
                0x00001adc                . = ALIGN (0x4)
 *fill*         0x00001ad9        0x3 
 *(.init)
 .init          0x00001adc        0x4 c:/program files (x86)/cypress/psoc creator/4.2/psoc creator/import/gnu/arm/5.4.1/bin/../lib/gcc/arm-none-eabi/5.4.1/armv7-m/crti.o
                0x00001adc                _init
 .init          0x00001ae0        0x8 c:/program files (x86)/cypress/psoc creator/4.2/psoc creator/import/gnu/arm/5.4.1/bin/../lib/gcc/arm-none-eabi/5.4.1/armv7-m/crtn.o
                0x00001ae8                . = ALIGN (0x4)
                0x00001ae8                __preinit_array_start = .
 *(.preinit_array)
                0x00001ae8                __preinit_array_end = .
                0x00001ae8                . = ALIGN (0x4)
                0x00001ae8                __init_array_start = .
 *(SORT(.init_array.*))
 *(.init_array)
 .init_array    0x00001ae8        0x4 c:/program files (x86)/cypress/psoc creator/4.2/psoc creator/import/gnu/arm/5.4.1/bin/../lib/gcc/arm-none-eabi/5.4.1/armv7-m/crtbegin.o
 .init_array    0x00001aec        0x4 .\CortexM3\ARM_GCC_541\Debug\Cm3Start.o
                0x00001af0                __init_array_end = .
                0x00001af0                . = ALIGN (0x4)
 *(.fini)
 .fini          0x00001af0        0x4 c:/program files (x86)/cypress/psoc creator/4.2/psoc creator/import/gnu/arm/5.4.1/bin/../lib/gcc/arm-none-eabi/5.4.1/armv7-m/crti.o
                0x00001af0                _fini
 .fini          0x00001af4        0x8 c:/program files (x86)/cypress/psoc creator/4.2/psoc creator/import/gnu/arm/5.4.1/bin/../lib/gcc/arm-none-eabi/5.4.1/armv7-m/crtn.o
                0x00001afc                . = ALIGN (0x4)
                0x00001afc                __fini_array_start = .
 *(.fini_array)
 .fini_array    0x00001afc        0x4 c:/program files (x86)/cypress/psoc creator/4.2/psoc creator/import/gnu/arm/5.4.1/bin/../lib/gcc/arm-none-eabi/5.4.1/armv7-m/crtbegin.o
 *(SORT(.fini_array.*))
                0x00001b00                __fini_array_end = .
                0x00001b00                . = ALIGN (0x4)
 *crtbegin.o(.ctors)
 *(EXCLUDE_FILE(*crtend.o) .ctors)
 *(SORT(.ctors.*))
 *crtend.o(.ctors)
                0x00001b00                . = ALIGN (0x4)
 *crtbegin.o(.dtors)
 *(EXCLUDE_FILE(*crtend.o) .dtors)
 *(SORT(.dtors.*))
 *crtend.o(.dtors)
                0x00001b00                . = ALIGN (0x4)
                0x00001b00                __cy_regions = .
                0x00001b00        0x4 LONG 0x1b10 __cy_region_init_ram
                0x00001b04        0x4 LONG 0x1fff80c8 __cy_region_start_data
                0x00001b08        0x4 LONG 0x3c8 __cy_region_init_size_ram
                0x00001b0c        0x4 LONG 0x370 __cy_region_zero_size_ram
                0x00001b10                __cy_regions_end = .
                0x00001b10                . = ALIGN (0x8)
                0x00001b10                _etext = .

.cy_checksum_exclude
                0x00001b10        0x0
 *(.cy_checksum_exclude)

.ramvectors     0x1fff8000       0xc0
                0x1fff8000                __cy_region_start_ram = .
 *(.ramvectors)
 .ramvectors    0x1fff8000       0xc0 .\CortexM3\ARM_GCC_541\Debug\Cm3Start.o
                0x1fff8000                CyRamVectors

.noinit         0x1fff80c0        0x1
 *(.noinit)
 .noinit        0x1fff80c0        0x1 .\CortexM3\ARM_GCC_541\Debug\DigitalUtilityExample01.a(CyLib.o)
                0x1fff80c0                CyResetStatus

.data           0x1fff80c8      0x3c8 load address 0x00001b10
                0x1fff80c8                __cy_region_start_data = .
 *(.jcr)
 .jcr           0x1fff80c8        0x0 c:/program files (x86)/cypress/psoc creator/4.2/psoc creator/import/gnu/arm/5.4.1/bin/../lib/gcc/arm-none-eabi/5.4.1/armv7-m/crtbegin.o
 .jcr           0x1fff80c8        0x4 c:/program files (x86)/cypress/psoc creator/4.2/psoc creator/import/gnu/arm/5.4.1/bin/../lib/gcc/arm-none-eabi/5.4.1/armv7-m/crtend.o
 *(.got.plt)
 *(.got)
 *(.shdata)
 *(.data .data.* .gnu.linkonce.d.*)
 .data          0x1fff80cc      0x345 .\CortexM3\ARM_GCC_541\Debug\printer.o
                0x1fff80cc                ASK_TIME
                0x1fff80d4                msn_EDS
                0x1fff80ec                msn_EDS3
                0x1fff8104                msn_EDS5
                0x1fff811c                LINE_FEED
                0x1fff8120                msn_EDS6
                0x1fff8138                SEPARATOR
                0x1fff8158                msn_fecha
                0x1fff8168                msn_hora
                0x1fff8178                msn_copy
                0x1fff8190                msn_venta
                0x1fff81a0                msn_placa
                0x1fff81b0                msn_vol
                0x1fff81c0                VolSimbol
                0x1fff81c4                msn_footer3
                0x1fff81dc                msn_footer4
                0x1fff81f4                msn_footer
                0x1fff820c                msn_footer2
                0x1fff8224                msn_dif
                0x1fff8238                msn_lecaan
                0x1fff8248                msn_lecact
                0x1fff8258                PRN_CURRENCY
                0x1fff825c                PRN_ID
                0x1fff826c                PRN_SIGNATURE
                0x1fff827c                PRN_PRESET
                0x1fff828c                PRN_MONEYMONTH
                0x1fff829c                PRN_MONEYWEEK
                0x1fff82ac                PRN_MONEYDAY
                0x1fff82bc                PRN_VOLUMEMONTH
                0x1fff82cc                PRN_VOLUMEWEEK
                0x1fff82dc                PRN_VOLUMEDAY
                0x1fff82ec                PRN_VISITSMONTH
                0x1fff82fc                PRN_VISITSWEEK
                0x1fff830c                PRN_VISITSDAY
                0x1fff831c                PRN_ACCOUNTTYPE
                0x1fff832c                PRN_SERIAL
                0x1fff833c                PRN_ACCOUNT
                0x1fff834c                PRN_COMPANY
                0x1fff835c                PRN_BALANCE
                0x1fff836c                msn_numero
                0x1fff837c                msn_cierre
                0x1fff838c                msn_din
                0x1fff839c                msn_voltot
                0x1fff83ac                msn_ppu
                0x1fff83bc                msn_product
                0x1fff83cc                msn_pos
                0x1fff83dc                PRN_TRANSTYPE
                0x1fff83ec                PRN_MILLEAGE
                0x1fff83fc                msn_gasoline
                0x1fff8408                msn_diesel
 *fill*         0x1fff8411        0x3 
 .data          0x1fff8414       0x10 .\CortexM3\ARM_GCC_541\Debug\DigitalUtilityExample01.a(CyLib.o)
                0x1fff8414                cydelay_32k_ms
                0x1fff8418                cydelay_freq_khz
                0x1fff841c                cydelay_freq_mhz
                0x1fff8420                cydelay_freq_hz
 .data.impure_data
                0x1fff8424       0x60 c:/program files (x86)/cypress/psoc creator/4.2/psoc creator/import/gnu/arm/5.4.1/bin/../lib/gcc/arm-none-eabi/5.4.1/../../../../arm-none-eabi/lib/armv7-m\libg_nano.a(lib_a-impure.o)
 .data._impure_ptr
                0x1fff8484        0x4 c:/program files (x86)/cypress/psoc creator/4.2/psoc creator/import/gnu/arm/5.4.1/bin/../lib/gcc/arm-none-eabi/5.4.1/../../../../arm-none-eabi/lib/armv7-m\libg_nano.a(lib_a-impure.o)
                0x1fff8484                _impure_ptr
 .data.__ctype_ptr__
                0x1fff8488        0x4 c:/program files (x86)/cypress/psoc creator/4.2/psoc creator/import/gnu/arm/5.4.1/bin/../lib/gcc/arm-none-eabi/5.4.1/../../../../arm-none-eabi/lib/armv7-m\libg_nano.a(lib_a-ctype_.o)
                0x1fff8488                __ctype_ptr__
                0x1fff8490                . = ALIGN (0x8)
 *fill*         0x1fff848c        0x4 
 *(.ram)
                0x1fff8490                _edata = .

.igot.plt       0x1fff8490        0x0 load address 0x00001ed8
 .igot.plt      0x1fff8490        0x0 c:/program files (x86)/cypress/psoc creator/4.2/psoc creator/import/gnu/arm/5.4.1/bin/../lib/gcc/arm-none-eabi/5.4.1/armv7-m/crtbegin.o

.bss            0x1fff8490      0x370 load address 0x00001ed8
                0x1fff8490                PROVIDE (__bss_start__, .)
 *(.shbss)
 *(.bss .bss.* .gnu.linkonce.b.*)
 .bss           0x1fff8490       0x1c c:/program files (x86)/cypress/psoc creator/4.2/psoc creator/import/gnu/arm/5.4.1/bin/../lib/gcc/arm-none-eabi/5.4.1/armv7-m/crtbegin.o
 .bss           0x1fff84ac        0x9 .\CortexM3\ARM_GCC_541\Debug\DigitalUtilityExample01.a(screen.o)
                0x1fff84ac                screen_errorStatus
                0x1fff84ad                screen_initVar
                0x1fff84ae                screen_rxBufferRead
                0x1fff84af                screen_rxBufferWrite
                0x1fff84b0                screen_rxBufferLoopDetect
                0x1fff84b1                screen_rxBufferOverflow
                0x1fff84b2                screen_txBufferRead
                0x1fff84b3                screen_txBufferWrite
 .bss           0x1fff84b5        0x4 .\CortexM3\ARM_GCC_541\Debug\DigitalUtilityExample01.a(PRINTER_A.o)
                0x1fff84b5                PRINTER_A_initVar
                0x1fff84b6                PRINTER_A_txBufferRead
                0x1fff84b7                PRINTER_A_txBufferWrite
 *fill*         0x1fff84b9        0x3 
 .bss           0x1fff84bc        0x8 .\CortexM3\ARM_GCC_541\Debug\DigitalUtilityExample01.a(CySpc.o)
                0x1fff84bc                SpcLockState
 *(COMMON)
 COMMON         0x1fff84c4      0x314 .\CortexM3\ARM_GCC_541\Debug\main.o
                0x1fff84c4                filteredCount
                0x1fff84c8                sale_number
                0x1fff84d0                side
                0x1fff8788                PrintVol
                0x1fff8789                DecVol
                0x1fff878a                divider
                0x1fff878c                charDivider
                0x1fff8798                charVolume
                0x1fff87a4                sale_number_copy
                0x1fff87ac                shift_number
                0x1fff87b2                int_shiftnumber
                0x1fff87b4                charVolumeCopy
                0x1fff87c0                int_salenumber
                0x1fff87c4                touch1
 COMMON         0x1fff87d8       0x1c .\CortexM3\ARM_GCC_541\Debug\DigitalUtilityExample01.a(screen.o)
                0x1fff87d8                screen_txBuffer
                0x1fff87e0                screen_rxBuffer
 COMMON         0x1fff87f4        0x5 .\CortexM3\ARM_GCC_541\Debug\DigitalUtilityExample01.a(PRINTER_A.o)
                0x1fff87f4                PRINTER_A_txBuffer
 *fill*         0x1fff87f9        0x3 
 COMMON         0x1fff87fc        0x2 .\CortexM3\ARM_GCC_541\Debug\DigitalUtilityExample01.a(CyFlash.o)
                0x1fff87fc                dieTemperature
                0x1fff8800                . = ALIGN (0x8)
 *fill*         0x1fff87fe        0x2 
 *(.ram.b)
                0x1fff8800                _end = .
                0x1fff8800                __end = .
                0x1fff8800                PROVIDE (end, .)
                0x1fff8800                PROVIDE (__bss_end__, .)
                0x00001b10                __cy_region_init_ram = LOADADDR (.data)
                0x000003c8                __cy_region_init_size_ram = (_edata - ADDR (.data))
                0x00000370                __cy_region_zero_size_ram = (_end - _edata)

.heap           0x1fff8800       0x80 load address 0x00001ed8
                0x1fff8800                . = _end
                0x1fff8880                . = (. + 0x80)
 *fill*         0x1fff8800       0x80 
                0x1fff8880                __cy_heap_limit = .

.stack          0x20007800      0x800
                0x20007800                __cy_stack_limit = .
                0x20008000                . = (. + 0x800)
 *fill*         0x20007800      0x800 
                0x00000001                ASSERT ((__cy_stack_limit >= __cy_heap_limit), region RAM overflowed with stack)
                0x00000000                cy_checksum_exclude_size = (CY_APPL_LOADABLE == 0x1)?SIZEOF (.cy_checksum_exclude):0x0
                0x00000001                ASSERT ((cy_checksum_exclude_size <= CY_CHECKSUM_EXCLUDE_SIZE), CY_BOOT: Section .cy_checksum_exclude size exceedes specified limit.)

.cyloadermeta
 *(.cyloadermeta)

.cyloadablemeta
 *(.cyloadablemeta)

.cyconfigecc    0x80000000      0x5b0
 *(.cyconfigecc)
 .cyconfigecc   0x80000000      0x5b0 .\CortexM3\ARM_GCC_541\Debug\cymetadata.o
                0x80000000                cy_meta_configecc

.cycustnvl      0x90000000        0x4
 *(.cycustnvl)
 .cycustnvl     0x90000000        0x4 .\CortexM3\ARM_GCC_541\Debug\cymetadata.o
                0x90000000                cy_meta_custnvl

.cywolatch      0x90100000        0x4
 *(.cywolatch)
 .cywolatch     0x90100000        0x4 .\CortexM3\ARM_GCC_541\Debug\cymetadata.o
                0x90100000                cy_meta_wonvl

.cyeeprom       0x90200000        0x0
 *(.cyeeprom)
                0x00000001                ASSERT ((. <= ((0x90200000 + ee_offset) + ee_size)), .cyeeprom data will not fit in EEPROM)

.cyflashprotect
                0x90400000      0x100
 *(.cyflashprotect)
 .cyflashprotect
                0x90400000      0x100 .\CortexM3\ARM_GCC_541\Debug\cymetadata.o
                0x90400000                cy_meta_flashprotect

.cymeta         0x90500000        0xc
 *(.cymeta)
 .cymeta        0x90500000        0xc .\CortexM3\ARM_GCC_541\Debug\cymetadata.o
                0x90500000                cy_metadata

.rel.dyn        0x00001ed8        0x0 load address 0x9050000c
 .rel.iplt      0x00001ed8        0x0 c:/program files (x86)/cypress/psoc creator/4.2/psoc creator/import/gnu/arm/5.4.1/bin/../lib/gcc/arm-none-eabi/5.4.1/armv7-m/crtbegin.o

.stab
 *(.stab)

.stabstr
 *(.stabstr)

.debug
 *(.debug)

.line
 *(.line)

.debug_srcinfo
 *(.debug_srcinfo)

.debug_sfnames
 *(.debug_sfnames)

.debug_aranges  0x00000000      0x900
 *(.debug_aranges)
 .debug_aranges
                0x00000000       0x28 .\CortexM3\ARM_GCC_541\Debug\main.o
 .debug_aranges
                0x00000028       0x20 .\CortexM3\ARM_GCC_541\Debug\printer.o
 .debug_aranges
                0x00000048       0x58 .\CortexM3\ARM_GCC_541\Debug\cyfitter_cfg.o
 .debug_aranges
                0x000000a0       0x18 .\CortexM3\ARM_GCC_541\Debug\cymetadata.o
 .debug_aranges
                0x000000b8       0x48 .\CortexM3\ARM_GCC_541\Debug\Cm3Start.o
 .debug_aranges
                0x00000100      0x2a0 .\CortexM3\ARM_GCC_541\Debug\DigitalUtilityExample01.a(CyLib.o)
 .debug_aranges
                0x000003a0       0x98 .\CortexM3\ARM_GCC_541\Debug\DigitalUtilityExample01.a(cyPm.o)
 .debug_aranges
                0x00000438       0x80 .\CortexM3\ARM_GCC_541\Debug\DigitalUtilityExample01.a(debounced_Int.o)
 .debug_aranges
                0x000004b8       0xf0 .\CortexM3\ARM_GCC_541\Debug\DigitalUtilityExample01.a(screen.o)
 .debug_aranges
                0x000005a8       0x28 .\CortexM3\ARM_GCC_541\Debug\DigitalUtilityExample01.a(screen_INT.o)
 .debug_aranges
                0x000005d0       0xa0 .\CortexM3\ARM_GCC_541\Debug\DigitalUtilityExample01.a(PRINTER_A.o)
 .debug_aranges
                0x00000670       0x20 .\CortexM3\ARM_GCC_541\Debug\DigitalUtilityExample01.a(PRINTER_A_INT.o)
 .debug_aranges
                0x00000690       0x70 .\CortexM3\ARM_GCC_541\Debug\DigitalUtilityExample01.a(screen_IntClock.o)
 .debug_aranges
                0x00000700       0x70 .\CortexM3\ARM_GCC_541\Debug\DigitalUtilityExample01.a(PRINTER_A_IntClock.o)
 .debug_aranges
                0x00000770       0x78 .\CortexM3\ARM_GCC_541\Debug\DigitalUtilityExample01.a(EEPROM_1.o)
 .debug_aranges
                0x000007e8       0x20 .\CortexM3\ARM_GCC_541\Debug\DigitalUtilityExample01.a(CyBootAsmGnu.o)
 .debug_aranges
                0x00000808       0x80 .\CortexM3\ARM_GCC_541\Debug\DigitalUtilityExample01.a(CyFlash.o)
 .debug_aranges
                0x00000888       0x78 .\CortexM3\ARM_GCC_541\Debug\DigitalUtilityExample01.a(CySpc.o)

.debug_pubnames
 *(.debug_pubnames)

.debug_info     0x00000000     0x66b4
 *(.debug_info .gnu.linkonce.wi.*)
 .debug_info    0x00000000      0x7a4 .\CortexM3\ARM_GCC_541\Debug\main.o
 .debug_info    0x000007a4      0xe25 .\CortexM3\ARM_GCC_541\Debug\printer.o
 .debug_info    0x000015c9      0x595 .\CortexM3\ARM_GCC_541\Debug\cyfitter_cfg.o
 .debug_info    0x00001b5e      0x136 .\CortexM3\ARM_GCC_541\Debug\cymetadata.o
 .debug_info    0x00001c94      0x3bb .\CortexM3\ARM_GCC_541\Debug\Cm3Start.o
 .debug_info    0x0000204f     0x1374 .\CortexM3\ARM_GCC_541\Debug\DigitalUtilityExample01.a(CyLib.o)
 .debug_info    0x000033c3      0xa2a .\CortexM3\ARM_GCC_541\Debug\DigitalUtilityExample01.a(cyPm.o)
 .debug_info    0x00003ded      0x2d2 .\CortexM3\ARM_GCC_541\Debug\DigitalUtilityExample01.a(debounced_Int.o)
 .debug_info    0x000040bf      0x7be .\CortexM3\ARM_GCC_541\Debug\DigitalUtilityExample01.a(screen.o)
 .debug_info    0x0000487d      0x196 .\CortexM3\ARM_GCC_541\Debug\DigitalUtilityExample01.a(screen_INT.o)
 .debug_info    0x00004a13      0x521 .\CortexM3\ARM_GCC_541\Debug\DigitalUtilityExample01.a(PRINTER_A.o)
 .debug_info    0x00004f34       0xf6 .\CortexM3\ARM_GCC_541\Debug\DigitalUtilityExample01.a(PRINTER_A_INT.o)
 .debug_info    0x0000502a      0x283 .\CortexM3\ARM_GCC_541\Debug\DigitalUtilityExample01.a(screen_IntClock.o)
 .debug_info    0x000052ad      0x283 .\CortexM3\ARM_GCC_541\Debug\DigitalUtilityExample01.a(PRINTER_A_IntClock.o)
 .debug_info    0x00005530      0x630 .\CortexM3\ARM_GCC_541\Debug\DigitalUtilityExample01.a(EEPROM_1.o)
 .debug_info    0x00005b60       0xb3 .\CortexM3\ARM_GCC_541\Debug\DigitalUtilityExample01.a(CyBootAsmGnu.o)
 .debug_info    0x00005c13      0x5b8 .\CortexM3\ARM_GCC_541\Debug\DigitalUtilityExample01.a(CyFlash.o)
 .debug_info    0x000061cb      0x4e9 .\CortexM3\ARM_GCC_541\Debug\DigitalUtilityExample01.a(CySpc.o)

.debug_abbrev   0x00000000     0x17bc
 *(.debug_abbrev)
 .debug_abbrev  0x00000000      0x171 .\CortexM3\ARM_GCC_541\Debug\main.o
 .debug_abbrev  0x00000171      0x174 .\CortexM3\ARM_GCC_541\Debug\printer.o
 .debug_abbrev  0x000002e5      0x20d .\CortexM3\ARM_GCC_541\Debug\cyfitter_cfg.o
 .debug_abbrev  0x000004f2       0x77 .\CortexM3\ARM_GCC_541\Debug\cymetadata.o
 .debug_abbrev  0x00000569      0x1e8 .\CortexM3\ARM_GCC_541\Debug\Cm3Start.o
 .debug_abbrev  0x00000751      0x254 .\CortexM3\ARM_GCC_541\Debug\DigitalUtilityExample01.a(CyLib.o)
 .debug_abbrev  0x000009a5      0x1ab .\CortexM3\ARM_GCC_541\Debug\DigitalUtilityExample01.a(cyPm.o)
 .debug_abbrev  0x00000b50      0x173 .\CortexM3\ARM_GCC_541\Debug\DigitalUtilityExample01.a(debounced_Int.o)
 .debug_abbrev  0x00000cc3      0x16f .\CortexM3\ARM_GCC_541\Debug\DigitalUtilityExample01.a(screen.o)
 .debug_abbrev  0x00000e32       0xa2 .\CortexM3\ARM_GCC_541\Debug\DigitalUtilityExample01.a(screen_INT.o)
 .debug_abbrev  0x00000ed4      0x16f .\CortexM3\ARM_GCC_541\Debug\DigitalUtilityExample01.a(PRINTER_A.o)
 .debug_abbrev  0x00001043       0x79 .\CortexM3\ARM_GCC_541\Debug\DigitalUtilityExample01.a(PRINTER_A_INT.o)
 .debug_abbrev  0x000010bc      0x139 .\CortexM3\ARM_GCC_541\Debug\DigitalUtilityExample01.a(screen_IntClock.o)
 .debug_abbrev  0x000011f5      0x139 .\CortexM3\ARM_GCC_541\Debug\DigitalUtilityExample01.a(PRINTER_A_IntClock.o)
 .debug_abbrev  0x0000132e      0x14e .\CortexM3\ARM_GCC_541\Debug\DigitalUtilityExample01.a(EEPROM_1.o)
 .debug_abbrev  0x0000147c       0x14 .\CortexM3\ARM_GCC_541\Debug\DigitalUtilityExample01.a(CyBootAsmGnu.o)
 .debug_abbrev  0x00001490      0x198 .\CortexM3\ARM_GCC_541\Debug\DigitalUtilityExample01.a(CyFlash.o)
 .debug_abbrev  0x00001628      0x194 .\CortexM3\ARM_GCC_541\Debug\DigitalUtilityExample01.a(CySpc.o)

.debug_line     0x00000000     0x2b20
 *(.debug_line)
 .debug_line    0x00000000      0x44f .\CortexM3\ARM_GCC_541\Debug\main.o
 .debug_line    0x0000044f      0x41a .\CortexM3\ARM_GCC_541\Debug\printer.o
 .debug_line    0x00000869      0x1f7 .\CortexM3\ARM_GCC_541\Debug\cyfitter_cfg.o
 .debug_line    0x00000a60      0x141 .\CortexM3\ARM_GCC_541\Debug\cymetadata.o
 .debug_line    0x00000ba1      0x234 .\CortexM3\ARM_GCC_541\Debug\Cm3Start.o
 .debug_line    0x00000dd5      0x816 .\CortexM3\ARM_GCC_541\Debug\DigitalUtilityExample01.a(CyLib.o)
 .debug_line    0x000015eb      0x367 .\CortexM3\ARM_GCC_541\Debug\DigitalUtilityExample01.a(cyPm.o)
 .debug_line    0x00001952      0x13a .\CortexM3\ARM_GCC_541\Debug\DigitalUtilityExample01.a(debounced_Int.o)
 .debug_line    0x00001a8c      0x33f .\CortexM3\ARM_GCC_541\Debug\DigitalUtilityExample01.a(screen.o)
 .debug_line    0x00001dcb       0xa9 .\CortexM3\ARM_GCC_541\Debug\DigitalUtilityExample01.a(screen_INT.o)
 .debug_line    0x00001e74      0x235 .\CortexM3\ARM_GCC_541\Debug\DigitalUtilityExample01.a(PRINTER_A.o)
 .debug_line    0x000020a9       0x87 .\CortexM3\ARM_GCC_541\Debug\DigitalUtilityExample01.a(PRINTER_A_INT.o)
 .debug_line    0x00002130      0x17e .\CortexM3\ARM_GCC_541\Debug\DigitalUtilityExample01.a(screen_IntClock.o)
 .debug_line    0x000022ae      0x181 .\CortexM3\ARM_GCC_541\Debug\DigitalUtilityExample01.a(PRINTER_A_IntClock.o)
 .debug_line    0x0000242f      0x266 .\CortexM3\ARM_GCC_541\Debug\DigitalUtilityExample01.a(EEPROM_1.o)
 .debug_line    0x00002695       0x66 .\CortexM3\ARM_GCC_541\Debug\DigitalUtilityExample01.a(CyBootAsmGnu.o)
 .debug_line    0x000026fb      0x1e9 .\CortexM3\ARM_GCC_541\Debug\DigitalUtilityExample01.a(CyFlash.o)
 .debug_line    0x000028e4      0x23c .\CortexM3\ARM_GCC_541\Debug\DigitalUtilityExample01.a(CySpc.o)

.debug_frame    0x00000000     0x17d0
 *(.debug_frame)
 .debug_frame   0x00000000       0x40 .\CortexM3\ARM_GCC_541\Debug\main.o
 .debug_frame   0x00000040       0x30 .\CortexM3\ARM_GCC_541\Debug\printer.o
 .debug_frame   0x00000070       0xe4 .\CortexM3\ARM_GCC_541\Debug\cyfitter_cfg.o
 .debug_frame   0x00000154       0xb8 .\CortexM3\ARM_GCC_541\Debug\Cm3Start.o
 .debug_frame   0x0000020c      0x738 .\CortexM3\ARM_GCC_541\Debug\DigitalUtilityExample01.a(CyLib.o)
 .debug_frame   0x00000944      0x1f8 .\CortexM3\ARM_GCC_541\Debug\DigitalUtilityExample01.a(cyPm.o)
 .debug_frame   0x00000b3c      0x104 .\CortexM3\ARM_GCC_541\Debug\DigitalUtilityExample01.a(debounced_Int.o)
 .debug_frame   0x00000c40      0x25c .\CortexM3\ARM_GCC_541\Debug\DigitalUtilityExample01.a(screen.o)
 .debug_frame   0x00000e9c       0x30 .\CortexM3\ARM_GCC_541\Debug\DigitalUtilityExample01.a(screen_INT.o)
 .debug_frame   0x00000ecc      0x1a4 .\CortexM3\ARM_GCC_541\Debug\DigitalUtilityExample01.a(PRINTER_A.o)
 .debug_frame   0x00001070       0x20 .\CortexM3\ARM_GCC_541\Debug\DigitalUtilityExample01.a(PRINTER_A_INT.o)
 .debug_frame   0x00001090       0xe0 .\CortexM3\ARM_GCC_541\Debug\DigitalUtilityExample01.a(screen_IntClock.o)
 .debug_frame   0x00001170       0xe0 .\CortexM3\ARM_GCC_541\Debug\DigitalUtilityExample01.a(PRINTER_A_IntClock.o)
 .debug_frame   0x00001250      0x17c .\CortexM3\ARM_GCC_541\Debug\DigitalUtilityExample01.a(EEPROM_1.o)
 .debug_frame   0x000013cc      0x174 .\CortexM3\ARM_GCC_541\Debug\DigitalUtilityExample01.a(CyFlash.o)
 .debug_frame   0x00001540      0x160 .\CortexM3\ARM_GCC_541\Debug\DigitalUtilityExample01.a(CySpc.o)
 .debug_frame   0x000016a0       0x30 c:/program files (x86)/cypress/psoc creator/4.2/psoc creator/import/gnu/arm/5.4.1/bin/../lib/gcc/arm-none-eabi/5.4.1/../../../../arm-none-eabi/lib/armv7-m\libg_nano.a(lib_a-atoi.o)
 .debug_frame   0x000016d0       0x20 c:/program files (x86)/cypress/psoc creator/4.2/psoc creator/import/gnu/arm/5.4.1/bin/../lib/gcc/arm-none-eabi/5.4.1/../../../../arm-none-eabi/lib/armv7-m\libg_nano.a(lib_a-errno.o)
 .debug_frame   0x000016f0       0x28 c:/program files (x86)/cypress/psoc creator/4.2/psoc creator/import/gnu/arm/5.4.1/bin/../lib/gcc/arm-none-eabi/5.4.1/../../../../arm-none-eabi/lib/armv7-m\libg_nano.a(lib_a-exit.o)
 .debug_frame   0x00001718       0x2c c:/program files (x86)/cypress/psoc creator/4.2/psoc creator/import/gnu/arm/5.4.1/bin/../lib/gcc/arm-none-eabi/5.4.1/../../../../arm-none-eabi/lib/armv7-m\libg_nano.a(lib_a-init.o)
 .debug_frame   0x00001744       0x28 c:/program files (x86)/cypress/psoc creator/4.2/psoc creator/import/gnu/arm/5.4.1/bin/../lib/gcc/arm-none-eabi/5.4.1/../../../../arm-none-eabi/lib/armv7-m\libg_nano.a(lib_a-memcpy-stub.o)
 .debug_frame   0x0000176c       0x20 c:/program files (x86)/cypress/psoc creator/4.2/psoc creator/import/gnu/arm/5.4.1/bin/../lib/gcc/arm-none-eabi/5.4.1/../../../../arm-none-eabi/lib/armv7-m\libg_nano.a(lib_a-memset.o)
 .debug_frame   0x0000178c       0x44 c:/program files (x86)/cypress/psoc creator/4.2/psoc creator/import/gnu/arm/5.4.1/bin/../lib/gcc/arm-none-eabi/5.4.1/../../../../arm-none-eabi/lib/armv7-m\libg_nano.a(lib_a-strtol.o)

.debug_str      0x00000000     0x22c4
 *(.debug_str)
 .debug_str     0x00000000      0x3b6 .\CortexM3\ARM_GCC_541\Debug\main.o
                                0x40a (size before relaxing)
 .debug_str     0x000003b6      0x276 .\CortexM3\ARM_GCC_541\Debug\printer.o
                                0x5e1 (size before relaxing)
 .debug_str     0x0000062c      0x1a8 .\CortexM3\ARM_GCC_541\Debug\cyfitter_cfg.o
                                0x367 (size before relaxing)
 .debug_str     0x000007d4       0x7f .\CortexM3\ARM_GCC_541\Debug\cymetadata.o
                                0x207 (size before relaxing)
 .debug_str     0x00000853      0x144 .\CortexM3\ARM_GCC_541\Debug\Cm3Start.o
                                0x32d (size before relaxing)
 .debug_str     0x00000997      0x83d .\CortexM3\ARM_GCC_541\Debug\DigitalUtilityExample01.a(CyLib.o)
                                0xa6a (size before relaxing)
 .debug_str     0x000011d4      0x365 .\CortexM3\ARM_GCC_541\Debug\DigitalUtilityExample01.a(cyPm.o)
                                0x756 (size before relaxing)
 .debug_str     0x00001539      0x125 .\CortexM3\ARM_GCC_541\Debug\DigitalUtilityExample01.a(debounced_Int.o)
                                0x339 (size before relaxing)
 .debug_str     0x0000165e      0x3a2 .\CortexM3\ARM_GCC_541\Debug\DigitalUtilityExample01.a(screen.o)
                                0x60b (size before relaxing)
 .debug_str     0x00001a00       0x64 .\CortexM3\ARM_GCC_541\Debug\DigitalUtilityExample01.a(screen_INT.o)
                                0x2c4 (size before relaxing)
 .debug_str     0x00001a64      0x1f8 .\CortexM3\ARM_GCC_541\Debug\DigitalUtilityExample01.a(PRINTER_A.o)
                                0x4ba (size before relaxing)
 .debug_str     0x00001c5c       0x37 .\CortexM3\ARM_GCC_541\Debug\DigitalUtilityExample01.a(PRINTER_A_INT.o)
                                0x222 (size before relaxing)
 .debug_str     0x00001c93      0x197 .\CortexM3\ARM_GCC_541\Debug\DigitalUtilityExample01.a(screen_IntClock.o)
                                0x371 (size before relaxing)
 .debug_str     0x00001e2a      0x16a .\CortexM3\ARM_GCC_541\Debug\DigitalUtilityExample01.a(PRINTER_A_IntClock.o)
                                0x395 (size before relaxing)
 .debug_str     0x00001f94      0x1c7 .\CortexM3\ARM_GCC_541\Debug\DigitalUtilityExample01.a(EEPROM_1.o)
                                0x3ff (size before relaxing)
 .debug_str     0x0000215b       0xfb .\CortexM3\ARM_GCC_541\Debug\DigitalUtilityExample01.a(CyFlash.o)
                                0x3c4 (size before relaxing)
 .debug_str     0x00002256       0x6e .\CortexM3\ARM_GCC_541\Debug\DigitalUtilityExample01.a(CySpc.o)
                                0x34d (size before relaxing)

.debug_loc      0x00000000     0x2f68
 *(.debug_loc)
 .debug_loc     0x00000000      0x461 .\CortexM3\ARM_GCC_541\Debug\main.o
 .debug_loc     0x00000461      0x526 .\CortexM3\ARM_GCC_541\Debug\printer.o
 .debug_loc     0x00000987      0x25a .\CortexM3\ARM_GCC_541\Debug\cyfitter_cfg.o
 .debug_loc     0x00000be1      0x144 .\CortexM3\ARM_GCC_541\Debug\Cm3Start.o
 .debug_loc     0x00000d25      0xa11 .\CortexM3\ARM_GCC_541\Debug\DigitalUtilityExample01.a(CyLib.o)
 .debug_loc     0x00001736      0x1e4 .\CortexM3\ARM_GCC_541\Debug\DigitalUtilityExample01.a(cyPm.o)
 .debug_loc     0x0000191a       0x56 .\CortexM3\ARM_GCC_541\Debug\DigitalUtilityExample01.a(debounced_Int.o)
 .debug_loc     0x00001970      0x36c .\CortexM3\ARM_GCC_541\Debug\DigitalUtilityExample01.a(screen.o)
 .debug_loc     0x00001cdc       0x45 .\CortexM3\ARM_GCC_541\Debug\DigitalUtilityExample01.a(screen_INT.o)
 .debug_loc     0x00001d21      0x215 .\CortexM3\ARM_GCC_541\Debug\DigitalUtilityExample01.a(PRINTER_A.o)
 .debug_loc     0x00001f36      0x12c .\CortexM3\ARM_GCC_541\Debug\DigitalUtilityExample01.a(screen_IntClock.o)
 .debug_loc     0x00002062      0x128 .\CortexM3\ARM_GCC_541\Debug\DigitalUtilityExample01.a(PRINTER_A_IntClock.o)
 .debug_loc     0x0000218a      0x49f .\CortexM3\ARM_GCC_541\Debug\DigitalUtilityExample01.a(EEPROM_1.o)
 .debug_loc     0x00002629      0x2f2 .\CortexM3\ARM_GCC_541\Debug\DigitalUtilityExample01.a(CyFlash.o)
 .debug_loc     0x0000291b      0x64d .\CortexM3\ARM_GCC_541\Debug\DigitalUtilityExample01.a(CySpc.o)

.debug_macinfo
 *(.debug_macinfo)

.debug_ranges   0x00000000      0x9d8
 *(.debug_ranges)
 .debug_ranges  0x00000000      0x180 .\CortexM3\ARM_GCC_541\Debug\main.o
 .debug_ranges  0x00000180       0xb8 .\CortexM3\ARM_GCC_541\Debug\printer.o
 .debug_ranges  0x00000238       0x48 .\CortexM3\ARM_GCC_541\Debug\cyfitter_cfg.o
 .debug_ranges  0x00000280       0x38 .\CortexM3\ARM_GCC_541\Debug\Cm3Start.o
 .debug_ranges  0x000002b8      0x290 .\CortexM3\ARM_GCC_541\Debug\DigitalUtilityExample01.a(CyLib.o)
 .debug_ranges  0x00000548       0x88 .\CortexM3\ARM_GCC_541\Debug\DigitalUtilityExample01.a(cyPm.o)
 .debug_ranges  0x000005d0       0x70 .\CortexM3\ARM_GCC_541\Debug\DigitalUtilityExample01.a(debounced_Int.o)
 .debug_ranges  0x00000640       0xe0 .\CortexM3\ARM_GCC_541\Debug\DigitalUtilityExample01.a(screen.o)
 .debug_ranges  0x00000720       0x18 .\CortexM3\ARM_GCC_541\Debug\DigitalUtilityExample01.a(screen_INT.o)
 .debug_ranges  0x00000738       0x90 .\CortexM3\ARM_GCC_541\Debug\DigitalUtilityExample01.a(PRINTER_A.o)
 .debug_ranges  0x000007c8       0x10 .\CortexM3\ARM_GCC_541\Debug\DigitalUtilityExample01.a(PRINTER_A_INT.o)
 .debug_ranges  0x000007d8       0x60 .\CortexM3\ARM_GCC_541\Debug\DigitalUtilityExample01.a(screen_IntClock.o)
 .debug_ranges  0x00000838       0x60 .\CortexM3\ARM_GCC_541\Debug\DigitalUtilityExample01.a(PRINTER_A_IntClock.o)
 .debug_ranges  0x00000898       0x68 .\CortexM3\ARM_GCC_541\Debug\DigitalUtilityExample01.a(EEPROM_1.o)
 .debug_ranges  0x00000900       0x70 .\CortexM3\ARM_GCC_541\Debug\DigitalUtilityExample01.a(CyFlash.o)
 .debug_ranges  0x00000970       0x68 .\CortexM3\ARM_GCC_541\Debug\DigitalUtilityExample01.a(CySpc.o)

.comment        0x00000000       0x6e
 .comment       0x00000000       0x6e .\CortexM3\ARM_GCC_541\Debug\main.o
                                 0x6f (size before relaxing)
 .comment       0x0000006e       0x6f .\CortexM3\ARM_GCC_541\Debug\printer.o
 .comment       0x0000006e       0x6f .\CortexM3\ARM_GCC_541\Debug\cyfitter_cfg.o
 .comment       0x0000006e       0x6f .\CortexM3\ARM_GCC_541\Debug\cymetadata.o
 .comment       0x0000006e       0x6f .\CortexM3\ARM_GCC_541\Debug\Cm3Start.o
 .comment       0x0000006e       0x6f .\CortexM3\ARM_GCC_541\Debug\DigitalUtilityExample01.a(CyLib.o)
 .comment       0x0000006e       0x6f .\CortexM3\ARM_GCC_541\Debug\DigitalUtilityExample01.a(cyPm.o)
 .comment       0x0000006e       0x6f .\CortexM3\ARM_GCC_541\Debug\DigitalUtilityExample01.a(debounced_Int.o)
 .comment       0x0000006e       0x6f .\CortexM3\ARM_GCC_541\Debug\DigitalUtilityExample01.a(screen.o)
 .comment       0x0000006e       0x6f .\CortexM3\ARM_GCC_541\Debug\DigitalUtilityExample01.a(screen_INT.o)
 .comment       0x0000006e       0x6f .\CortexM3\ARM_GCC_541\Debug\DigitalUtilityExample01.a(PRINTER_A.o)
 .comment       0x0000006e       0x6f .\CortexM3\ARM_GCC_541\Debug\DigitalUtilityExample01.a(PRINTER_A_INT.o)
 .comment       0x0000006e       0x6f .\CortexM3\ARM_GCC_541\Debug\DigitalUtilityExample01.a(screen_IntClock.o)
 .comment       0x0000006e       0x6f .\CortexM3\ARM_GCC_541\Debug\DigitalUtilityExample01.a(PRINTER_A_IntClock.o)
 .comment       0x0000006e       0x6f .\CortexM3\ARM_GCC_541\Debug\DigitalUtilityExample01.a(EEPROM_1.o)
 .comment       0x0000006e       0x6f .\CortexM3\ARM_GCC_541\Debug\DigitalUtilityExample01.a(CyFlash.o)
 .comment       0x0000006e       0x6f .\CortexM3\ARM_GCC_541\Debug\DigitalUtilityExample01.a(CySpc.o)

.debug_weaknames
 *(.debug_weaknames)

.debug_funcnames
 *(.debug_funcnames)

.debug_typenames
 *(.debug_typenames)

.debug_varnames
 *(.debug_varnames)

.note.gnu.arm.ident
 *(.note.gnu.arm.ident)

.ARM.attributes
                0x00000000       0x29
 *(.ARM.attributes)
 .ARM.attributes
                0x00000000       0x1d c:/program files (x86)/cypress/psoc creator/4.2/psoc creator/import/gnu/arm/5.4.1/bin/../lib/gcc/arm-none-eabi/5.4.1/armv7-m/crti.o
 .ARM.attributes
                0x0000001d       0x2d c:/program files (x86)/cypress/psoc creator/4.2/psoc creator/import/gnu/arm/5.4.1/bin/../lib/gcc/arm-none-eabi/5.4.1/armv7-m/crtbegin.o
 .ARM.attributes
                0x0000004a       0x1b c:/program files (x86)/cypress/psoc creator/4.2/psoc creator/import/gnu/arm/5.4.1/bin/../lib/gcc/arm-none-eabi/5.4.1/../../../../arm-none-eabi/lib/armv7-m/crt0.o
 .ARM.attributes
                0x00000065       0x33 .\CortexM3\ARM_GCC_541\Debug\main.o
 .ARM.attributes
                0x00000098       0x33 .\CortexM3\ARM_GCC_541\Debug\printer.o
 .ARM.attributes
                0x000000cb       0x33 .\CortexM3\ARM_GCC_541\Debug\cyfitter_cfg.o
 .ARM.attributes
                0x000000fe       0x33 .\CortexM3\ARM_GCC_541\Debug\cymetadata.o
 .ARM.attributes
                0x00000131       0x33 .\CortexM3\ARM_GCC_541\Debug\Cm3Start.o
 .ARM.attributes
                0x00000164       0x33 .\CortexM3\ARM_GCC_541\Debug\DigitalUtilityExample01.a(CyLib.o)
 .ARM.attributes
                0x00000197       0x33 .\CortexM3\ARM_GCC_541\Debug\DigitalUtilityExample01.a(cyPm.o)
 .ARM.attributes
                0x000001ca       0x33 .\CortexM3\ARM_GCC_541\Debug\DigitalUtilityExample01.a(debounced_Int.o)
 .ARM.attributes
                0x000001fd       0x33 .\CortexM3\ARM_GCC_541\Debug\DigitalUtilityExample01.a(screen.o)
 .ARM.attributes
                0x00000230       0x33 .\CortexM3\ARM_GCC_541\Debug\DigitalUtilityExample01.a(screen_INT.o)
 .ARM.attributes
                0x00000263       0x33 .\CortexM3\ARM_GCC_541\Debug\DigitalUtilityExample01.a(PRINTER_A.o)
 .ARM.attributes
                0x00000296       0x33 .\CortexM3\ARM_GCC_541\Debug\DigitalUtilityExample01.a(PRINTER_A_INT.o)
 .ARM.attributes
                0x000002c9       0x33 .\CortexM3\ARM_GCC_541\Debug\DigitalUtilityExample01.a(screen_IntClock.o)
 .ARM.attributes
                0x000002fc       0x33 .\CortexM3\ARM_GCC_541\Debug\DigitalUtilityExample01.a(PRINTER_A_IntClock.o)
 .ARM.attributes
                0x0000032f       0x33 .\CortexM3\ARM_GCC_541\Debug\DigitalUtilityExample01.a(EEPROM_1.o)
 .ARM.attributes
                0x00000362       0x21 .\CortexM3\ARM_GCC_541\Debug\DigitalUtilityExample01.a(CyBootAsmGnu.o)
 .ARM.attributes
                0x00000383       0x33 .\CortexM3\ARM_GCC_541\Debug\DigitalUtilityExample01.a(CyFlash.o)
 .ARM.attributes
                0x000003b6       0x33 .\CortexM3\ARM_GCC_541\Debug\DigitalUtilityExample01.a(CySpc.o)
 .ARM.attributes
                0x000003e9       0x2d c:/program files (x86)/cypress/psoc creator/4.2/psoc creator/import/gnu/arm/5.4.1/bin/../lib/gcc/arm-none-eabi/5.4.1/../../../../arm-none-eabi/lib/armv7-m\libg_nano.a(lib_a-atoi.o)
 .ARM.attributes
                0x00000416       0x2d c:/program files (x86)/cypress/psoc creator/4.2/psoc creator/import/gnu/arm/5.4.1/bin/../lib/gcc/arm-none-eabi/5.4.1/../../../../arm-none-eabi/lib/armv7-m\libg_nano.a(lib_a-errno.o)
 .ARM.attributes
                0x00000443       0x2d c:/program files (x86)/cypress/psoc creator/4.2/psoc creator/import/gnu/arm/5.4.1/bin/../lib/gcc/arm-none-eabi/5.4.1/../../../../arm-none-eabi/lib/armv7-m\libg_nano.a(lib_a-exit.o)
 .ARM.attributes
                0x00000470       0x2d c:/program files (x86)/cypress/psoc creator/4.2/psoc creator/import/gnu/arm/5.4.1/bin/../lib/gcc/arm-none-eabi/5.4.1/../../../../arm-none-eabi/lib/armv7-m\libg_nano.a(lib_a-impure.o)
 .ARM.attributes
                0x0000049d       0x2d c:/program files (x86)/cypress/psoc creator/4.2/psoc creator/import/gnu/arm/5.4.1/bin/../lib/gcc/arm-none-eabi/5.4.1/../../../../arm-none-eabi/lib/armv7-m\libg_nano.a(lib_a-init.o)
 .ARM.attributes
                0x000004ca       0x2d c:/program files (x86)/cypress/psoc creator/4.2/psoc creator/import/gnu/arm/5.4.1/bin/../lib/gcc/arm-none-eabi/5.4.1/../../../../arm-none-eabi/lib/armv7-m\libg_nano.a(lib_a-memcpy-stub.o)
 .ARM.attributes
                0x000004f7       0x2d c:/program files (x86)/cypress/psoc creator/4.2/psoc creator/import/gnu/arm/5.4.1/bin/../lib/gcc/arm-none-eabi/5.4.1/../../../../arm-none-eabi/lib/armv7-m\libg_nano.a(lib_a-memset.o)
 .ARM.attributes
                0x00000524       0x2d c:/program files (x86)/cypress/psoc creator/4.2/psoc creator/import/gnu/arm/5.4.1/bin/../lib/gcc/arm-none-eabi/5.4.1/../../../../arm-none-eabi/lib/armv7-m\libg_nano.a(lib_a-strtol.o)
 .ARM.attributes
                0x00000551       0x2d c:/program files (x86)/cypress/psoc creator/4.2/psoc creator/import/gnu/arm/5.4.1/bin/../lib/gcc/arm-none-eabi/5.4.1/../../../../arm-none-eabi/lib/armv7-m\libg_nano.a(lib_a-ctype_.o)
 .ARM.attributes
                0x0000057e       0x2d c:/program files (x86)/cypress/psoc creator/4.2/psoc creator/import/gnu/arm/5.4.1/bin/../lib/gcc/arm-none-eabi/5.4.1/armv7-m/crtend.o
 .ARM.attributes
                0x000005ab       0x1d c:/program files (x86)/cypress/psoc creator/4.2/psoc creator/import/gnu/arm/5.4.1/bin/../lib/gcc/arm-none-eabi/5.4.1/armv7-m/crtn.o

/DISCARD/
 *(.note.GNU-stack)
OUTPUT(C:\Users\Lenovo\Documents\PSoC Creator\DigitalUtilityExample01\IMP-CRR\DigitalUtilityExample01.cydsn\CortexM3\ARM_GCC_541\Debug\DigitalUtilityExample01.elf elf32-littlearm)
