Archive member included to satisfy reference by file (symbol)

.\CortexM3\ARM_GCC_541\Debug\DigitalUtilityExample01.a(CyLib.o)
                              .\CortexM3\ARM_GCC_541\Debug\Cm3Start.o (CyHalt)
.\CortexM3\ARM_GCC_541\Debug\DigitalUtilityExample01.a(cyPm.o)
                              .\CortexM3\ARM_GCC_541\Debug\DigitalUtilityExample01.a(CyLib.o) (CyPmReadStatus)
.\CortexM3\ARM_GCC_541\Debug\DigitalUtilityExample01.a(debounced_Int.o)
                              .\CortexM3\ARM_GCC_541\Debug\main.o (debounced_Int_StartEx)
.\CortexM3\ARM_GCC_541\Debug\DigitalUtilityExample01.a(screen.o)
                              .\CortexM3\ARM_GCC_541\Debug\main.o (screen_Start)
.\CortexM3\ARM_GCC_541\Debug\DigitalUtilityExample01.a(screen_INT.o)
                              .\CortexM3\ARM_GCC_541\Debug\DigitalUtilityExample01.a(screen.o) (screen_RXISR)
.\CortexM3\ARM_GCC_541\Debug\DigitalUtilityExample01.a(PRINTER_A.o)
                              .\CortexM3\ARM_GCC_541\Debug\main.o (PRINTER_A_Start)
.\CortexM3\ARM_GCC_541\Debug\DigitalUtilityExample01.a(PRINTER_A_INT.o)
                              .\CortexM3\ARM_GCC_541\Debug\DigitalUtilityExample01.a(PRINTER_A.o) (PRINTER_A_TXISR)
.\CortexM3\ARM_GCC_541\Debug\DigitalUtilityExample01.a(screen_IntClock.o)
                              .\CortexM3\ARM_GCC_541\Debug\DigitalUtilityExample01.a(screen.o) (screen_IntClock_Start)
.\CortexM3\ARM_GCC_541\Debug\DigitalUtilityExample01.a(PRINTER_A_IntClock.o)
                              .\CortexM3\ARM_GCC_541\Debug\DigitalUtilityExample01.a(PRINTER_A.o) (PRINTER_A_IntClock_Start)
.\CortexM3\ARM_GCC_541\Debug\DigitalUtilityExample01.a(CyBootAsmGnu.o)
                              .\CortexM3\ARM_GCC_541\Debug\cyfitter_cfg.o (CyDelayCycles)
.\CortexM3\ARM_GCC_541\Debug\DigitalUtilityExample01.a(CyFlash.o)
                              .\CortexM3\ARM_GCC_541\Debug\DigitalUtilityExample01.a(cyPm.o) (CyFlash_SetWaitCycles)
.\CortexM3\ARM_GCC_541\Debug\DigitalUtilityExample01.a(CySpc.o)
                              .\CortexM3\ARM_GCC_541\Debug\DigitalUtilityExample01.a(CyFlash.o) (CySpcStart)
c:/program files (x86)/cypress/psoc creator/4.2/psoc creator/import/gnu/arm/5.4.1/bin/../lib/gcc/arm-none-eabi/5.4.1/../../../../arm-none-eabi/lib/armv7-m\libg_nano.a(lib_a-errno.o)
                              .\CortexM3\ARM_GCC_541\Debug\Cm3Start.o (__errno)
c:/program files (x86)/cypress/psoc creator/4.2/psoc creator/import/gnu/arm/5.4.1/bin/../lib/gcc/arm-none-eabi/5.4.1/../../../../arm-none-eabi/lib/armv7-m\libg_nano.a(lib_a-exit.o)
                              c:/program files (x86)/cypress/psoc creator/4.2/psoc creator/import/gnu/arm/5.4.1/bin/../lib/gcc/arm-none-eabi/5.4.1/../../../../arm-none-eabi/lib/armv7-m/crt0.o (exit)
c:/program files (x86)/cypress/psoc creator/4.2/psoc creator/import/gnu/arm/5.4.1/bin/../lib/gcc/arm-none-eabi/5.4.1/../../../../arm-none-eabi/lib/armv7-m\libg_nano.a(lib_a-impure.o)
                              c:/program files (x86)/cypress/psoc creator/4.2/psoc creator/import/gnu/arm/5.4.1/bin/../lib/gcc/arm-none-eabi/5.4.1/../../../../arm-none-eabi/lib/armv7-m\libg_nano.a(lib_a-exit.o) (_global_impure_ptr)
c:/program files (x86)/cypress/psoc creator/4.2/psoc creator/import/gnu/arm/5.4.1/bin/../lib/gcc/arm-none-eabi/5.4.1/../../../../arm-none-eabi/lib/armv7-m\libg_nano.a(lib_a-init.o)
                              c:/program files (x86)/cypress/psoc creator/4.2/psoc creator/import/gnu/arm/5.4.1/bin/../lib/gcc/arm-none-eabi/5.4.1/../../../../arm-none-eabi/lib/armv7-m/crt0.o (__libc_init_array)
c:/program files (x86)/cypress/psoc creator/4.2/psoc creator/import/gnu/arm/5.4.1/bin/../lib/gcc/arm-none-eabi/5.4.1/../../../../arm-none-eabi/lib/armv7-m\libg_nano.a(lib_a-memcpy-stub.o)
                              .\CortexM3\ARM_GCC_541\Debug\cyfitter_cfg.o (memcpy)
c:/program files (x86)/cypress/psoc creator/4.2/psoc creator/import/gnu/arm/5.4.1/bin/../lib/gcc/arm-none-eabi/5.4.1/../../../../arm-none-eabi/lib/armv7-m\libg_nano.a(lib_a-memset.o)
                              c:/program files (x86)/cypress/psoc creator/4.2/psoc creator/import/gnu/arm/5.4.1/bin/../lib/gcc/arm-none-eabi/5.4.1/../../../../arm-none-eabi/lib/armv7-m/crt0.o (memset)

Allocating common symbols
Common symbol       size              file

screen_txBuffer     0x8               .\CortexM3\ARM_GCC_541\Debug\DigitalUtilityExample01.a(screen.o)
PRINTER_A_txBuffer  0x5               .\CortexM3\ARM_GCC_541\Debug\DigitalUtilityExample01.a(PRINTER_A.o)
screen_rxBuffer     0x14              .\CortexM3\ARM_GCC_541\Debug\DigitalUtilityExample01.a(screen.o)
dieTemperature      0x2               .\CortexM3\ARM_GCC_541\Debug\DigitalUtilityExample01.a(CyFlash.o)

Discarded input sections

 .text          0x00000000        0x0 c:/program files (x86)/cypress/psoc creator/4.2/psoc creator/import/gnu/arm/5.4.1/bin/../lib/gcc/arm-none-eabi/5.4.1/armv7-m/crti.o
 .data          0x00000000        0x0 c:/program files (x86)/cypress/psoc creator/4.2/psoc creator/import/gnu/arm/5.4.1/bin/../lib/gcc/arm-none-eabi/5.4.1/armv7-m/crti.o
 .bss           0x00000000        0x0 c:/program files (x86)/cypress/psoc creator/4.2/psoc creator/import/gnu/arm/5.4.1/bin/../lib/gcc/arm-none-eabi/5.4.1/armv7-m/crti.o
 .data          0x00000000        0x4 c:/program files (x86)/cypress/psoc creator/4.2/psoc creator/import/gnu/arm/5.4.1/bin/../lib/gcc/arm-none-eabi/5.4.1/armv7-m/crtbegin.o
 .text          0x00000000       0x74 c:/program files (x86)/cypress/psoc creator/4.2/psoc creator/import/gnu/arm/5.4.1/bin/../lib/gcc/arm-none-eabi/5.4.1/../../../../arm-none-eabi/lib/armv7-m/crt0.o
 .data          0x00000000        0x0 c:/program files (x86)/cypress/psoc creator/4.2/psoc creator/import/gnu/arm/5.4.1/bin/../lib/gcc/arm-none-eabi/5.4.1/../../../../arm-none-eabi/lib/armv7-m/crt0.o
 .bss           0x00000000        0x0 c:/program files (x86)/cypress/psoc creator/4.2/psoc creator/import/gnu/arm/5.4.1/bin/../lib/gcc/arm-none-eabi/5.4.1/../../../../arm-none-eabi/lib/armv7-m/crt0.o
 .ARM.extab     0x00000000        0x0 c:/program files (x86)/cypress/psoc creator/4.2/psoc creator/import/gnu/arm/5.4.1/bin/../lib/gcc/arm-none-eabi/5.4.1/../../../../arm-none-eabi/lib/armv7-m/crt0.o
 .ARM.exidx     0x00000000        0x8 c:/program files (x86)/cypress/psoc creator/4.2/psoc creator/import/gnu/arm/5.4.1/bin/../lib/gcc/arm-none-eabi/5.4.1/../../../../arm-none-eabi/lib/armv7-m/crt0.o
 .text          0x00000000        0x0 .\CortexM3\ARM_GCC_541\Debug\main.o
 .data          0x00000000        0x0 .\CortexM3\ARM_GCC_541\Debug\main.o
 .text          0x00000000        0x0 .\CortexM3\ARM_GCC_541\Debug\cyfitter_cfg.o
 .data          0x00000000        0x0 .\CortexM3\ARM_GCC_541\Debug\cyfitter_cfg.o
 .bss           0x00000000        0x0 .\CortexM3\ARM_GCC_541\Debug\cyfitter_cfg.o
 .text.SetAnalogRoutingPumps
                0x00000000       0x10 .\CortexM3\ARM_GCC_541\Debug\cyfitter_cfg.o
 .text          0x00000000        0x0 .\CortexM3\ARM_GCC_541\Debug\cymetadata.o
 .data          0x00000000        0x0 .\CortexM3\ARM_GCC_541\Debug\cymetadata.o
 .bss           0x00000000        0x0 .\CortexM3\ARM_GCC_541\Debug\cymetadata.o
 .text          0x00000000        0x0 .\CortexM3\ARM_GCC_541\Debug\Cm3Start.o
 .data          0x00000000        0x4 .\CortexM3\ARM_GCC_541\Debug\Cm3Start.o
 .bss           0x00000000        0x0 .\CortexM3\ARM_GCC_541\Debug\Cm3Start.o
 .text._exit    0x00000000        0xc .\CortexM3\ARM_GCC_541\Debug\Cm3Start.o
 .text._sbrk    0x00000000       0x30 .\CortexM3\ARM_GCC_541\Debug\Cm3Start.o
 .text          0x00000000        0x0 .\CortexM3\ARM_GCC_541\Debug\DigitalUtilityExample01.a(CyLib.o)
 .data          0x00000000       0x10 .\CortexM3\ARM_GCC_541\Debug\DigitalUtilityExample01.a(CyLib.o)
 .bss           0x00000000       0x1c .\CortexM3\ARM_GCC_541\Debug\DigitalUtilityExample01.a(CyLib.o)
 .text.CyUSB_PowerOnCheck
                0x00000000       0x48 .\CortexM3\ARM_GCC_541\Debug\DigitalUtilityExample01.a(CyLib.o)
 .text.CyBusClk_Internal_SetDivider
                0x00000000       0x48 .\CortexM3\ARM_GCC_541\Debug\DigitalUtilityExample01.a(CyLib.o)
 .text.CyPLL_OUT_Stop
                0x00000000       0x10 .\CortexM3\ARM_GCC_541\Debug\DigitalUtilityExample01.a(CyLib.o)
 .text.CyIMO_Stop
                0x00000000       0x1c .\CortexM3\ARM_GCC_541\Debug\DigitalUtilityExample01.a(CyLib.o)
 .text.CyIMO_EnableDoubler
                0x00000000       0x10 .\CortexM3\ARM_GCC_541\Debug\DigitalUtilityExample01.a(CyLib.o)
 .text.CyIMO_DisableDoubler
                0x00000000       0x10 .\CortexM3\ARM_GCC_541\Debug\DigitalUtilityExample01.a(CyLib.o)
 .text.CyMasterClk_SetSource
                0x00000000       0x18 .\CortexM3\ARM_GCC_541\Debug\DigitalUtilityExample01.a(CyLib.o)
 .text.CyMasterClk_SetDivider
                0x00000000        0xc .\CortexM3\ARM_GCC_541\Debug\DigitalUtilityExample01.a(CyLib.o)
 .text.CyBusClk_SetDivider
                0x00000000       0x70 .\CortexM3\ARM_GCC_541\Debug\DigitalUtilityExample01.a(CyLib.o)
 .text.CyUsbClk_SetSource
                0x00000000       0x18 .\CortexM3\ARM_GCC_541\Debug\DigitalUtilityExample01.a(CyLib.o)
 .text.CyILO_Start1K
                0x00000000       0x10 .\CortexM3\ARM_GCC_541\Debug\DigitalUtilityExample01.a(CyLib.o)
 .text.CyILO_Stop1K
                0x00000000       0x10 .\CortexM3\ARM_GCC_541\Debug\DigitalUtilityExample01.a(CyLib.o)
 .text.CyILO_Start100K
                0x00000000       0x10 .\CortexM3\ARM_GCC_541\Debug\DigitalUtilityExample01.a(CyLib.o)
 .text.CyILO_Stop100K
                0x00000000       0x10 .\CortexM3\ARM_GCC_541\Debug\DigitalUtilityExample01.a(CyLib.o)
 .text.CyPLL_OUT_Start
                0x00000000       0x78 .\CortexM3\ARM_GCC_541\Debug\DigitalUtilityExample01.a(CyLib.o)
 .text.CyIMO_Start
                0x00000000       0x60 .\CortexM3\ARM_GCC_541\Debug\DigitalUtilityExample01.a(CyLib.o)
 .text.CyILO_Enable33K
                0x00000000       0x10 .\CortexM3\ARM_GCC_541\Debug\DigitalUtilityExample01.a(CyLib.o)
 .text.CyILO_Disable33K
                0x00000000       0x10 .\CortexM3\ARM_GCC_541\Debug\DigitalUtilityExample01.a(CyLib.o)
 .text.CyILO_SetSource
                0x00000000       0x18 .\CortexM3\ARM_GCC_541\Debug\DigitalUtilityExample01.a(CyLib.o)
 .text.CyILO_SetPowerMode
                0x00000000       0x24 .\CortexM3\ARM_GCC_541\Debug\DigitalUtilityExample01.a(CyLib.o)
 .text.CyXTAL_32KHZ_Stop
                0x00000000       0x30 .\CortexM3\ARM_GCC_541\Debug\DigitalUtilityExample01.a(CyLib.o)
 .text.CyXTAL_32KHZ_ReadStatus
                0x00000000       0x10 .\CortexM3\ARM_GCC_541\Debug\DigitalUtilityExample01.a(CyLib.o)
 .text.CyXTAL_Start
                0x00000000       0xac .\CortexM3\ARM_GCC_541\Debug\DigitalUtilityExample01.a(CyLib.o)
 .text.CyXTAL_Stop
                0x00000000       0x10 .\CortexM3\ARM_GCC_541\Debug\DigitalUtilityExample01.a(CyLib.o)
 .text.CyXTAL_EnableErrStatus
                0x00000000       0x10 .\CortexM3\ARM_GCC_541\Debug\DigitalUtilityExample01.a(CyLib.o)
 .text.CyXTAL_DisableErrStatus
                0x00000000       0x10 .\CortexM3\ARM_GCC_541\Debug\DigitalUtilityExample01.a(CyLib.o)
 .text.CyXTAL_ReadStatus
                0x00000000       0x18 .\CortexM3\ARM_GCC_541\Debug\DigitalUtilityExample01.a(CyLib.o)
 .text.CyXTAL_EnableFaultRecovery
                0x00000000       0x10 .\CortexM3\ARM_GCC_541\Debug\DigitalUtilityExample01.a(CyLib.o)
 .text.CyXTAL_DisableFaultRecovery
                0x00000000       0x10 .\CortexM3\ARM_GCC_541\Debug\DigitalUtilityExample01.a(CyLib.o)
 .text.CyXTAL_SetStartup
                0x00000000       0x18 .\CortexM3\ARM_GCC_541\Debug\DigitalUtilityExample01.a(CyLib.o)
 .text.CyXTAL_SetFbVoltage
                0x00000000       0x18 .\CortexM3\ARM_GCC_541\Debug\DigitalUtilityExample01.a(CyLib.o)
 .text.CyXTAL_SetWdVoltage
                0x00000000       0x18 .\CortexM3\ARM_GCC_541\Debug\DigitalUtilityExample01.a(CyLib.o)
 .text.CyPLL_OUT_SetPQ
                0x00000000       0x60 .\CortexM3\ARM_GCC_541\Debug\DigitalUtilityExample01.a(CyLib.o)
 .text.CyPLL_OUT_SetSource
                0x00000000       0x34 .\CortexM3\ARM_GCC_541\Debug\DigitalUtilityExample01.a(CyLib.o)
 .text.CyIMO_SetTrimValue
                0x00000000       0xcc .\CortexM3\ARM_GCC_541\Debug\DigitalUtilityExample01.a(CyLib.o)
 .text.CyIMO_SetFreq
                0x00000000       0xf4 .\CortexM3\ARM_GCC_541\Debug\DigitalUtilityExample01.a(CyLib.o)
 .text.CyIMO_SetSource
                0x00000000       0x58 .\CortexM3\ARM_GCC_541\Debug\DigitalUtilityExample01.a(CyLib.o)
 .text.CySoftwareReset
                0x00000000       0x10 .\CortexM3\ARM_GCC_541\Debug\DigitalUtilityExample01.a(CyLib.o)
 .text.CyDelay  0x00000000       0x2c .\CortexM3\ARM_GCC_541\Debug\DigitalUtilityExample01.a(CyLib.o)
 .text.CyDelayUs
                0x00000000       0x14 .\CortexM3\ARM_GCC_541\Debug\DigitalUtilityExample01.a(CyLib.o)
 .text.CyXTAL_32KHZ_SetPowerMode
                0x00000000       0x84 .\CortexM3\ARM_GCC_541\Debug\DigitalUtilityExample01.a(CyLib.o)
 .text.CyXTAL_32KHZ_Start
                0x00000000       0x74 .\CortexM3\ARM_GCC_541\Debug\DigitalUtilityExample01.a(CyLib.o)
 .text.CyDelayFreq
                0x00000000       0x4c .\CortexM3\ARM_GCC_541\Debug\DigitalUtilityExample01.a(CyLib.o)
 .text.CyWdtStart
                0x00000000       0x40 .\CortexM3\ARM_GCC_541\Debug\DigitalUtilityExample01.a(CyLib.o)
 .text.CyWdtClear
                0x00000000        0xc .\CortexM3\ARM_GCC_541\Debug\DigitalUtilityExample01.a(CyLib.o)
 .text.CyVdStickyStatus
                0x00000000       0x2c .\CortexM3\ARM_GCC_541\Debug\DigitalUtilityExample01.a(CyLib.o)
 .text.CyVdLvDigitEnable
                0x00000000       0x84 .\CortexM3\ARM_GCC_541\Debug\DigitalUtilityExample01.a(CyLib.o)
 .text.CyVdLvAnalogEnable
                0x00000000       0x80 .\CortexM3\ARM_GCC_541\Debug\DigitalUtilityExample01.a(CyLib.o)
 .text.CyVdLvDigitDisable
                0x00000000       0x30 .\CortexM3\ARM_GCC_541\Debug\DigitalUtilityExample01.a(CyLib.o)
 .text.CyVdLvAnalogDisable
                0x00000000       0x28 .\CortexM3\ARM_GCC_541\Debug\DigitalUtilityExample01.a(CyLib.o)
 .text.CyVdHvAnalogEnable
                0x00000000       0x54 .\CortexM3\ARM_GCC_541\Debug\DigitalUtilityExample01.a(CyLib.o)
 .text.CyVdHvAnalogDisable
                0x00000000       0x20 .\CortexM3\ARM_GCC_541\Debug\DigitalUtilityExample01.a(CyLib.o)
 .text.CyVdRealTimeStatus
                0x00000000       0x1c .\CortexM3\ARM_GCC_541\Debug\DigitalUtilityExample01.a(CyLib.o)
 .text.CyDisableInts
                0x00000000       0x1c .\CortexM3\ARM_GCC_541\Debug\DigitalUtilityExample01.a(CyLib.o)
 .text.CyEnableInts
                0x00000000       0x18 .\CortexM3\ARM_GCC_541\Debug\DigitalUtilityExample01.a(CyLib.o)
 .text.CyFlushCache
                0x00000000       0x44 .\CortexM3\ARM_GCC_541\Debug\DigitalUtilityExample01.a(CyLib.o)
 .text.CyIntSetSysVector
                0x00000000       0x28 .\CortexM3\ARM_GCC_541\Debug\DigitalUtilityExample01.a(CyLib.o)
 .text.CyIntGetSysVector
                0x00000000       0x20 .\CortexM3\ARM_GCC_541\Debug\DigitalUtilityExample01.a(CyLib.o)
 .text.CyIntGetVector
                0x00000000       0x24 .\CortexM3\ARM_GCC_541\Debug\DigitalUtilityExample01.a(CyLib.o)
 .text.CyIntGetPriority
                0x00000000       0x20 .\CortexM3\ARM_GCC_541\Debug\DigitalUtilityExample01.a(CyLib.o)
 .text.CyIntGetState
                0x00000000       0x24 .\CortexM3\ARM_GCC_541\Debug\DigitalUtilityExample01.a(CyLib.o)
 .text.CySysTickStop
                0x00000000       0x10 .\CortexM3\ARM_GCC_541\Debug\DigitalUtilityExample01.a(CyLib.o)
 .text.CySysTickEnableInterrupt
                0x00000000       0x10 .\CortexM3\ARM_GCC_541\Debug\DigitalUtilityExample01.a(CyLib.o)
 .text.CySysTickEnable
                0x00000000       0x18 .\CortexM3\ARM_GCC_541\Debug\DigitalUtilityExample01.a(CyLib.o)
 .text.CySysTickDisableInterrupt
                0x00000000       0x10 .\CortexM3\ARM_GCC_541\Debug\DigitalUtilityExample01.a(CyLib.o)
 .text.CySysTickSetReload
                0x00000000       0x10 .\CortexM3\ARM_GCC_541\Debug\DigitalUtilityExample01.a(CyLib.o)
 .text.CySysTickGetReload
                0x00000000       0x10 .\CortexM3\ARM_GCC_541\Debug\DigitalUtilityExample01.a(CyLib.o)
 .text.CySysTickGetValue
                0x00000000       0x10 .\CortexM3\ARM_GCC_541\Debug\DigitalUtilityExample01.a(CyLib.o)
 .text.CySysTickSetClockSource
                0x00000000       0x20 .\CortexM3\ARM_GCC_541\Debug\DigitalUtilityExample01.a(CyLib.o)
 .text.CySysTickGetClockSource
                0x00000000       0x10 .\CortexM3\ARM_GCC_541\Debug\DigitalUtilityExample01.a(CyLib.o)
 .text.CySysTickGetCountFlag
                0x00000000       0x10 .\CortexM3\ARM_GCC_541\Debug\DigitalUtilityExample01.a(CyLib.o)
 .text.CySysTickServiceCallbacks
                0x00000000       0x28 .\CortexM3\ARM_GCC_541\Debug\DigitalUtilityExample01.a(CyLib.o)
 .text.CySysTickClear
                0x00000000        0xc .\CortexM3\ARM_GCC_541\Debug\DigitalUtilityExample01.a(CyLib.o)
 .text.CySysTickInit
                0x00000000       0x58 .\CortexM3\ARM_GCC_541\Debug\DigitalUtilityExample01.a(CyLib.o)
 .text.CySysTickStart
                0x00000000       0x1c .\CortexM3\ARM_GCC_541\Debug\DigitalUtilityExample01.a(CyLib.o)
 .text.CySysTickSetCallback
                0x00000000       0x10 .\CortexM3\ARM_GCC_541\Debug\DigitalUtilityExample01.a(CyLib.o)
 .text.CySysTickGetCallback
                0x00000000       0x10 .\CortexM3\ARM_GCC_541\Debug\DigitalUtilityExample01.a(CyLib.o)
 .text.CyGetUniqueId
                0x00000000       0x70 .\CortexM3\ARM_GCC_541\Debug\DigitalUtilityExample01.a(CyLib.o)
 .text          0x00000000        0x0 .\CortexM3\ARM_GCC_541\Debug\DigitalUtilityExample01.a(cyPm.o)
 .data          0x00000000        0x0 .\CortexM3\ARM_GCC_541\Debug\DigitalUtilityExample01.a(cyPm.o)
 .bss           0x00000000       0x43 .\CortexM3\ARM_GCC_541\Debug\DigitalUtilityExample01.a(cyPm.o)
 .text.CyPmHibSlpSaveSet
                0x00000000      0x1dc .\CortexM3\ARM_GCC_541\Debug\DigitalUtilityExample01.a(cyPm.o)
 .text.CyPmHibSlpRestore
                0x00000000       0xd8 .\CortexM3\ARM_GCC_541\Debug\DigitalUtilityExample01.a(cyPm.o)
 .text.CyPmHviLviSaveDisable
                0x00000000       0xa0 .\CortexM3\ARM_GCC_541\Debug\DigitalUtilityExample01.a(cyPm.o)
 .text.CyPmHibSaveSet
                0x00000000       0x98 .\CortexM3\ARM_GCC_541\Debug\DigitalUtilityExample01.a(cyPm.o)
 .text.CyPmHviLviRestore
                0x00000000       0x48 .\CortexM3\ARM_GCC_541\Debug\DigitalUtilityExample01.a(cyPm.o)
 .text.CyPmHibRestore
                0x00000000       0x60 .\CortexM3\ARM_GCC_541\Debug\DigitalUtilityExample01.a(cyPm.o)
 .text.CyPmSaveClocks
                0x00000000      0x218 .\CortexM3\ARM_GCC_541\Debug\DigitalUtilityExample01.a(cyPm.o)
 .text.CyPmRestoreClocks
                0x00000000      0x24c .\CortexM3\ARM_GCC_541\Debug\DigitalUtilityExample01.a(cyPm.o)
 .text.CyPmAltAct
                0x00000000       0x6c .\CortexM3\ARM_GCC_541\Debug\DigitalUtilityExample01.a(cyPm.o)
 .text.CyPmSleep
                0x00000000       0xf4 .\CortexM3\ARM_GCC_541\Debug\DigitalUtilityExample01.a(cyPm.o)
 .text.CyPmHibernateEx
                0x00000000       0xf4 .\CortexM3\ARM_GCC_541\Debug\DigitalUtilityExample01.a(cyPm.o)
 .text.CyPmHibernate
                0x00000000        0xc .\CortexM3\ARM_GCC_541\Debug\DigitalUtilityExample01.a(cyPm.o)
 .text.CyPmReadStatus
                0x00000000       0x30 .\CortexM3\ARM_GCC_541\Debug\DigitalUtilityExample01.a(cyPm.o)
 .text.CyPmCtwSetInterval
                0x00000000       0x5c .\CortexM3\ARM_GCC_541\Debug\DigitalUtilityExample01.a(cyPm.o)
 .text.CyPmOppsSet
                0x00000000       0x2c .\CortexM3\ARM_GCC_541\Debug\DigitalUtilityExample01.a(cyPm.o)
 .text.CyPmFtwSetInterval
                0x00000000       0x5c .\CortexM3\ARM_GCC_541\Debug\DigitalUtilityExample01.a(cyPm.o)
 .rodata        0x00000000        0xf .\CortexM3\ARM_GCC_541\Debug\DigitalUtilityExample01.a(cyPm.o)
 .text          0x00000000        0x0 .\CortexM3\ARM_GCC_541\Debug\DigitalUtilityExample01.a(debounced_Int.o)
 .data          0x00000000        0x0 .\CortexM3\ARM_GCC_541\Debug\DigitalUtilityExample01.a(debounced_Int.o)
 .bss           0x00000000        0x0 .\CortexM3\ARM_GCC_541\Debug\DigitalUtilityExample01.a(debounced_Int.o)
 .text.debounced_Int_Interrupt
                0x00000000        0x4 .\CortexM3\ARM_GCC_541\Debug\DigitalUtilityExample01.a(debounced_Int.o)
 .text.debounced_Int_GetVector
                0x00000000        0xc .\CortexM3\ARM_GCC_541\Debug\DigitalUtilityExample01.a(debounced_Int.o)
 .text.debounced_Int_GetPriority
                0x00000000        0xc .\CortexM3\ARM_GCC_541\Debug\DigitalUtilityExample01.a(debounced_Int.o)
 .text.debounced_Int_GetState
                0x00000000       0x18 .\CortexM3\ARM_GCC_541\Debug\DigitalUtilityExample01.a(debounced_Int.o)
 .text.debounced_Int_Start
                0x00000000       0x1c .\CortexM3\ARM_GCC_541\Debug\DigitalUtilityExample01.a(debounced_Int.o)
 .text.debounced_Int_Stop
                0x00000000       0x14 .\CortexM3\ARM_GCC_541\Debug\DigitalUtilityExample01.a(debounced_Int.o)
 .text.debounced_Int_SetPending
                0x00000000        0xc .\CortexM3\ARM_GCC_541\Debug\DigitalUtilityExample01.a(debounced_Int.o)
 .text          0x00000000        0x0 .\CortexM3\ARM_GCC_541\Debug\DigitalUtilityExample01.a(screen.o)
 .data          0x00000000        0x0 .\CortexM3\ARM_GCC_541\Debug\DigitalUtilityExample01.a(screen.o)
 .text.screen_Stop
                0x00000000       0x4c .\CortexM3\ARM_GCC_541\Debug\DigitalUtilityExample01.a(screen.o)
 .text.screen_ReadControlRegister
                0x00000000        0x4 .\CortexM3\ARM_GCC_541\Debug\DigitalUtilityExample01.a(screen.o)
 .text.screen_WriteControlRegister
                0x00000000        0x4 .\CortexM3\ARM_GCC_541\Debug\DigitalUtilityExample01.a(screen.o)
 .text.screen_SetRxInterruptMode
                0x00000000        0xc .\CortexM3\ARM_GCC_541\Debug\DigitalUtilityExample01.a(screen.o)
 .text.screen_ReadRxData
                0x00000000       0x64 .\CortexM3\ARM_GCC_541\Debug\DigitalUtilityExample01.a(screen.o)
 .text.screen_ReadRxStatus
                0x00000000       0x28 .\CortexM3\ARM_GCC_541\Debug\DigitalUtilityExample01.a(screen.o)
 .text.screen_GetChar
                0x00000000       0x80 .\CortexM3\ARM_GCC_541\Debug\DigitalUtilityExample01.a(screen.o)
 .text.screen_GetByte
                0x00000000       0x2c .\CortexM3\ARM_GCC_541\Debug\DigitalUtilityExample01.a(screen.o)
 .text.screen_GetRxBufferSize
                0x00000000       0x60 .\CortexM3\ARM_GCC_541\Debug\DigitalUtilityExample01.a(screen.o)
 .text.screen_ClearRxBuffer
                0x00000000       0x44 .\CortexM3\ARM_GCC_541\Debug\DigitalUtilityExample01.a(screen.o)
 .text.screen_SetRxAddressMode
                0x00000000        0x4 .\CortexM3\ARM_GCC_541\Debug\DigitalUtilityExample01.a(screen.o)
 .text.screen_SetRxAddress1
                0x00000000        0xc .\CortexM3\ARM_GCC_541\Debug\DigitalUtilityExample01.a(screen.o)
 .text.screen_SetRxAddress2
                0x00000000        0xc .\CortexM3\ARM_GCC_541\Debug\DigitalUtilityExample01.a(screen.o)
 .text.screen_SetTxInterruptMode
                0x00000000        0xc .\CortexM3\ARM_GCC_541\Debug\DigitalUtilityExample01.a(screen.o)
 .text.screen_WriteTxData
                0x00000000       0x60 .\CortexM3\ARM_GCC_541\Debug\DigitalUtilityExample01.a(screen.o)
 .text.screen_ReadTxStatus
                0x00000000        0xc .\CortexM3\ARM_GCC_541\Debug\DigitalUtilityExample01.a(screen.o)
 .text.screen_PutChar
                0x00000000       0x70 .\CortexM3\ARM_GCC_541\Debug\DigitalUtilityExample01.a(screen.o)
 .text.screen_PutString
                0x00000000       0x24 .\CortexM3\ARM_GCC_541\Debug\DigitalUtilityExample01.a(screen.o)
 .text.screen_PutArray
                0x00000000       0x28 .\CortexM3\ARM_GCC_541\Debug\DigitalUtilityExample01.a(screen.o)
 .text.screen_PutCRLF
                0x00000000       0x20 .\CortexM3\ARM_GCC_541\Debug\DigitalUtilityExample01.a(screen.o)
 .text.screen_GetTxBufferSize
                0x00000000       0x48 .\CortexM3\ARM_GCC_541\Debug\DigitalUtilityExample01.a(screen.o)
 .text.screen_ClearTxBuffer
                0x00000000       0x40 .\CortexM3\ARM_GCC_541\Debug\DigitalUtilityExample01.a(screen.o)
 .text.screen_SendBreak
                0x00000000       0x58 .\CortexM3\ARM_GCC_541\Debug\DigitalUtilityExample01.a(screen.o)
 .text.screen_SetTxAddressMode
                0x00000000        0x4 .\CortexM3\ARM_GCC_541\Debug\DigitalUtilityExample01.a(screen.o)
 .text          0x00000000        0x0 .\CortexM3\ARM_GCC_541\Debug\DigitalUtilityExample01.a(screen_INT.o)
 .data          0x00000000        0x0 .\CortexM3\ARM_GCC_541\Debug\DigitalUtilityExample01.a(screen_INT.o)
 .bss           0x00000000        0x0 .\CortexM3\ARM_GCC_541\Debug\DigitalUtilityExample01.a(screen_INT.o)
 .text          0x00000000        0x0 .\CortexM3\ARM_GCC_541\Debug\DigitalUtilityExample01.a(PRINTER_A.o)
 .data          0x00000000        0x0 .\CortexM3\ARM_GCC_541\Debug\DigitalUtilityExample01.a(PRINTER_A.o)
 .text.PRINTER_A_Stop
                0x00000000       0x2c .\CortexM3\ARM_GCC_541\Debug\DigitalUtilityExample01.a(PRINTER_A.o)
 .text.PRINTER_A_ReadControlRegister
                0x00000000        0x4 .\CortexM3\ARM_GCC_541\Debug\DigitalUtilityExample01.a(PRINTER_A.o)
 .text.PRINTER_A_WriteControlRegister
                0x00000000        0x4 .\CortexM3\ARM_GCC_541\Debug\DigitalUtilityExample01.a(PRINTER_A.o)
 .text.PRINTER_A_SetTxInterruptMode
                0x00000000        0xc .\CortexM3\ARM_GCC_541\Debug\DigitalUtilityExample01.a(PRINTER_A.o)
 .text.PRINTER_A_WriteTxData
                0x00000000       0x60 .\CortexM3\ARM_GCC_541\Debug\DigitalUtilityExample01.a(PRINTER_A.o)
 .text.PRINTER_A_ReadTxStatus
                0x00000000        0xc .\CortexM3\ARM_GCC_541\Debug\DigitalUtilityExample01.a(PRINTER_A.o)
 .text.PRINTER_A_PutChar
                0x00000000       0x70 .\CortexM3\ARM_GCC_541\Debug\DigitalUtilityExample01.a(PRINTER_A.o)
 .text.PRINTER_A_PutString
                0x00000000       0x24 .\CortexM3\ARM_GCC_541\Debug\DigitalUtilityExample01.a(PRINTER_A.o)
 .text.PRINTER_A_PutArray
                0x00000000       0x28 .\CortexM3\ARM_GCC_541\Debug\DigitalUtilityExample01.a(PRINTER_A.o)
 .text.PRINTER_A_PutCRLF
                0x00000000       0x20 .\CortexM3\ARM_GCC_541\Debug\DigitalUtilityExample01.a(PRINTER_A.o)
 .text.PRINTER_A_GetTxBufferSize
                0x00000000       0x48 .\CortexM3\ARM_GCC_541\Debug\DigitalUtilityExample01.a(PRINTER_A.o)
 .text.PRINTER_A_ClearTxBuffer
                0x00000000       0x40 .\CortexM3\ARM_GCC_541\Debug\DigitalUtilityExample01.a(PRINTER_A.o)
 .text.PRINTER_A_SendBreak
                0x00000000       0x58 .\CortexM3\ARM_GCC_541\Debug\DigitalUtilityExample01.a(PRINTER_A.o)
 .text.PRINTER_A_SetTxAddressMode
                0x00000000        0x4 .\CortexM3\ARM_GCC_541\Debug\DigitalUtilityExample01.a(PRINTER_A.o)
 .text          0x00000000        0x0 .\CortexM3\ARM_GCC_541\Debug\DigitalUtilityExample01.a(PRINTER_A_INT.o)
 .data          0x00000000        0x0 .\CortexM3\ARM_GCC_541\Debug\DigitalUtilityExample01.a(PRINTER_A_INT.o)
 .bss           0x00000000        0x0 .\CortexM3\ARM_GCC_541\Debug\DigitalUtilityExample01.a(PRINTER_A_INT.o)
 .text          0x00000000        0x0 .\CortexM3\ARM_GCC_541\Debug\DigitalUtilityExample01.a(screen_IntClock.o)
 .data          0x00000000        0x0 .\CortexM3\ARM_GCC_541\Debug\DigitalUtilityExample01.a(screen_IntClock.o)
 .bss           0x00000000        0x0 .\CortexM3\ARM_GCC_541\Debug\DigitalUtilityExample01.a(screen_IntClock.o)
 .text.screen_IntClock_Stop
                0x00000000       0x1c .\CortexM3\ARM_GCC_541\Debug\DigitalUtilityExample01.a(screen_IntClock.o)
 .text.screen_IntClock_StopBlock
                0x00000000       0x6c .\CortexM3\ARM_GCC_541\Debug\DigitalUtilityExample01.a(screen_IntClock.o)
 .text.screen_IntClock_StandbyPower
                0x00000000       0x20 .\CortexM3\ARM_GCC_541\Debug\DigitalUtilityExample01.a(screen_IntClock.o)
 .text.screen_IntClock_GetDividerRegister
                0x00000000        0xc .\CortexM3\ARM_GCC_541\Debug\DigitalUtilityExample01.a(screen_IntClock.o)
 .text.screen_IntClock_SetModeRegister
                0x00000000       0x14 .\CortexM3\ARM_GCC_541\Debug\DigitalUtilityExample01.a(screen_IntClock.o)
 .text.screen_IntClock_ClearModeRegister
                0x00000000       0x18 .\CortexM3\ARM_GCC_541\Debug\DigitalUtilityExample01.a(screen_IntClock.o)
 .text.screen_IntClock_GetModeRegister
                0x00000000       0x10 .\CortexM3\ARM_GCC_541\Debug\DigitalUtilityExample01.a(screen_IntClock.o)
 .text.screen_IntClock_GetSourceRegister
                0x00000000       0x10 .\CortexM3\ARM_GCC_541\Debug\DigitalUtilityExample01.a(screen_IntClock.o)
 .text.screen_IntClock_SetDividerRegister
                0x00000000       0xd8 .\CortexM3\ARM_GCC_541\Debug\DigitalUtilityExample01.a(screen_IntClock.o)
 .text.screen_IntClock_SetSourceRegister
                0x00000000       0x5c .\CortexM3\ARM_GCC_541\Debug\DigitalUtilityExample01.a(screen_IntClock.o)
 .text          0x00000000        0x0 .\CortexM3\ARM_GCC_541\Debug\DigitalUtilityExample01.a(PRINTER_A_IntClock.o)
 .data          0x00000000        0x0 .\CortexM3\ARM_GCC_541\Debug\DigitalUtilityExample01.a(PRINTER_A_IntClock.o)
 .bss           0x00000000        0x0 .\CortexM3\ARM_GCC_541\Debug\DigitalUtilityExample01.a(PRINTER_A_IntClock.o)
 .text.PRINTER_A_IntClock_Stop
                0x00000000       0x1c .\CortexM3\ARM_GCC_541\Debug\DigitalUtilityExample01.a(PRINTER_A_IntClock.o)
 .text.PRINTER_A_IntClock_StopBlock
                0x00000000       0x6c .\CortexM3\ARM_GCC_541\Debug\DigitalUtilityExample01.a(PRINTER_A_IntClock.o)
 .text.PRINTER_A_IntClock_StandbyPower
                0x00000000       0x20 .\CortexM3\ARM_GCC_541\Debug\DigitalUtilityExample01.a(PRINTER_A_IntClock.o)
 .text.PRINTER_A_IntClock_GetDividerRegister
                0x00000000        0xc .\CortexM3\ARM_GCC_541\Debug\DigitalUtilityExample01.a(PRINTER_A_IntClock.o)
 .text.PRINTER_A_IntClock_SetModeRegister
                0x00000000       0x14 .\CortexM3\ARM_GCC_541\Debug\DigitalUtilityExample01.a(PRINTER_A_IntClock.o)
 .text.PRINTER_A_IntClock_ClearModeRegister
                0x00000000       0x18 .\CortexM3\ARM_GCC_541\Debug\DigitalUtilityExample01.a(PRINTER_A_IntClock.o)
 .text.PRINTER_A_IntClock_GetModeRegister
                0x00000000       0x10 .\CortexM3\ARM_GCC_541\Debug\DigitalUtilityExample01.a(PRINTER_A_IntClock.o)
 .text.PRINTER_A_IntClock_GetSourceRegister
                0x00000000       0x10 .\CortexM3\ARM_GCC_541\Debug\DigitalUtilityExample01.a(PRINTER_A_IntClock.o)
 .text.PRINTER_A_IntClock_SetDividerRegister
                0x00000000       0xdc .\CortexM3\ARM_GCC_541\Debug\DigitalUtilityExample01.a(PRINTER_A_IntClock.o)
 .text.PRINTER_A_IntClock_SetSourceRegister
                0x00000000       0x5c .\CortexM3\ARM_GCC_541\Debug\DigitalUtilityExample01.a(PRINTER_A_IntClock.o)
 .data          0x00000000        0x0 .\CortexM3\ARM_GCC_541\Debug\DigitalUtilityExample01.a(CyBootAsmGnu.o)
 .bss           0x00000000        0x0 .\CortexM3\ARM_GCC_541\Debug\DigitalUtilityExample01.a(CyBootAsmGnu.o)
 .text          0x00000000        0x0 .\CortexM3\ARM_GCC_541\Debug\DigitalUtilityExample01.a(CyFlash.o)
 .data          0x00000000        0x0 .\CortexM3\ARM_GCC_541\Debug\DigitalUtilityExample01.a(CyFlash.o)
 .bss           0x00000000        0x0 .\CortexM3\ARM_GCC_541\Debug\DigitalUtilityExample01.a(CyFlash.o)
 .text.CyFlashGetSpcAlgorithm
                0x00000000       0x4c .\CortexM3\ARM_GCC_541\Debug\DigitalUtilityExample01.a(CyFlash.o)
 .text.CySetTempInt
                0x00000000       0x60 .\CortexM3\ARM_GCC_541\Debug\DigitalUtilityExample01.a(CyFlash.o)
 .text.CyFlash_Start
                0x00000000       0x54 .\CortexM3\ARM_GCC_541\Debug\DigitalUtilityExample01.a(CyFlash.o)
 .text.CyFlash_Stop
                0x00000000       0x24 .\CortexM3\ARM_GCC_541\Debug\DigitalUtilityExample01.a(CyFlash.o)
 .text.CySetTemp
                0x00000000       0x14 .\CortexM3\ARM_GCC_541\Debug\DigitalUtilityExample01.a(CyFlash.o)
 .text.CySetFlashEEBuffer
                0x00000000       0x20 .\CortexM3\ARM_GCC_541\Debug\DigitalUtilityExample01.a(CyFlash.o)
 .text.CyWriteRowFull
                0x00000000       0xf8 .\CortexM3\ARM_GCC_541\Debug\DigitalUtilityExample01.a(CyFlash.o)
 .text.CyWriteRowData
                0x00000000       0x14 .\CortexM3\ARM_GCC_541\Debug\DigitalUtilityExample01.a(CyFlash.o)
 .text.CyFlash_SetWaitCycles
                0x00000000       0x7c .\CortexM3\ARM_GCC_541\Debug\DigitalUtilityExample01.a(CyFlash.o)
 .text.CyEEPROM_Start
                0x00000000       0x54 .\CortexM3\ARM_GCC_541\Debug\DigitalUtilityExample01.a(CyFlash.o)
 .text.CyEEPROM_Stop
                0x00000000       0x24 .\CortexM3\ARM_GCC_541\Debug\DigitalUtilityExample01.a(CyFlash.o)
 .text.CyEEPROM_ReadReserve
                0x00000000       0x1c .\CortexM3\ARM_GCC_541\Debug\DigitalUtilityExample01.a(CyFlash.o)
 .text.CyEEPROM_ReadRelease
                0x00000000       0x10 .\CortexM3\ARM_GCC_541\Debug\DigitalUtilityExample01.a(CyFlash.o)
 COMMON         0x00000000        0x2 .\CortexM3\ARM_GCC_541\Debug\DigitalUtilityExample01.a(CyFlash.o)
 .text          0x00000000        0x0 .\CortexM3\ARM_GCC_541\Debug\DigitalUtilityExample01.a(CySpc.o)
 .data          0x00000000        0x0 .\CortexM3\ARM_GCC_541\Debug\DigitalUtilityExample01.a(CySpc.o)
 .bss           0x00000000        0x8 .\CortexM3\ARM_GCC_541\Debug\DigitalUtilityExample01.a(CySpc.o)
 .text.CySpcStart
                0x00000000       0x24 .\CortexM3\ARM_GCC_541\Debug\DigitalUtilityExample01.a(CySpc.o)
 .text.CySpcStop
                0x00000000       0x24 .\CortexM3\ARM_GCC_541\Debug\DigitalUtilityExample01.a(CySpc.o)
 .text.CySpcReadData
                0x00000000       0x34 .\CortexM3\ARM_GCC_541\Debug\DigitalUtilityExample01.a(CySpc.o)
 .text.CySpcLoadMultiByte
                0x00000000       0x78 .\CortexM3\ARM_GCC_541\Debug\DigitalUtilityExample01.a(CySpc.o)
 .text.CySpcLoadRow
                0x00000000       0x50 .\CortexM3\ARM_GCC_541\Debug\DigitalUtilityExample01.a(CySpc.o)
 .text.CySpcLoadRowFull
                0x00000000       0x80 .\CortexM3\ARM_GCC_541\Debug\DigitalUtilityExample01.a(CySpc.o)
 .text.CySpcWriteRow
                0x00000000       0x4c .\CortexM3\ARM_GCC_541\Debug\DigitalUtilityExample01.a(CySpc.o)
 .text.CySpcEraseSector
                0x00000000       0x3c .\CortexM3\ARM_GCC_541\Debug\DigitalUtilityExample01.a(CySpc.o)
 .text.CySpcGetTemp
                0x00000000       0x3c .\CortexM3\ARM_GCC_541\Debug\DigitalUtilityExample01.a(CySpc.o)
 .text.CySpcLock
                0x00000000       0x4c .\CortexM3\ARM_GCC_541\Debug\DigitalUtilityExample01.a(CySpc.o)
 .text.CySpcUnlock
                0x00000000       0x38 .\CortexM3\ARM_GCC_541\Debug\DigitalUtilityExample01.a(CySpc.o)
 .text.CySpcGetAlgorithm
                0x00000000       0x28 .\CortexM3\ARM_GCC_541\Debug\DigitalUtilityExample01.a(CySpc.o)
 .text          0x00000000        0x0 c:/program files (x86)/cypress/psoc creator/4.2/psoc creator/import/gnu/arm/5.4.1/bin/../lib/gcc/arm-none-eabi/5.4.1/../../../../arm-none-eabi/lib/armv7-m\libg_nano.a(lib_a-errno.o)
 .data          0x00000000        0x0 c:/program files (x86)/cypress/psoc creator/4.2/psoc creator/import/gnu/arm/5.4.1/bin/../lib/gcc/arm-none-eabi/5.4.1/../../../../arm-none-eabi/lib/armv7-m\libg_nano.a(lib_a-errno.o)
 .bss           0x00000000        0x0 c:/program files (x86)/cypress/psoc creator/4.2/psoc creator/import/gnu/arm/5.4.1/bin/../lib/gcc/arm-none-eabi/5.4.1/../../../../arm-none-eabi/lib/armv7-m\libg_nano.a(lib_a-errno.o)
 .text          0x00000000        0x0 c:/program files (x86)/cypress/psoc creator/4.2/psoc creator/import/gnu/arm/5.4.1/bin/../lib/gcc/arm-none-eabi/5.4.1/../../../../arm-none-eabi/lib/armv7-m\libg_nano.a(lib_a-exit.o)
 .data          0x00000000        0x0 c:/program files (x86)/cypress/psoc creator/4.2/psoc creator/import/gnu/arm/5.4.1/bin/../lib/gcc/arm-none-eabi/5.4.1/../../../../arm-none-eabi/lib/armv7-m\libg_nano.a(lib_a-exit.o)
 .bss           0x00000000        0x0 c:/program files (x86)/cypress/psoc creator/4.2/psoc creator/import/gnu/arm/5.4.1/bin/../lib/gcc/arm-none-eabi/5.4.1/../../../../arm-none-eabi/lib/armv7-m\libg_nano.a(lib_a-exit.o)
 .text.exit     0x00000000       0x28 c:/program files (x86)/cypress/psoc creator/4.2/psoc creator/import/gnu/arm/5.4.1/bin/../lib/gcc/arm-none-eabi/5.4.1/../../../../arm-none-eabi/lib/armv7-m\libg_nano.a(lib_a-exit.o)
 .text          0x00000000        0x0 c:/program files (x86)/cypress/psoc creator/4.2/psoc creator/import/gnu/arm/5.4.1/bin/../lib/gcc/arm-none-eabi/5.4.1/../../../../arm-none-eabi/lib/armv7-m\libg_nano.a(lib_a-impure.o)
 .data          0x00000000        0x0 c:/program files (x86)/cypress/psoc creator/4.2/psoc creator/import/gnu/arm/5.4.1/bin/../lib/gcc/arm-none-eabi/5.4.1/../../../../arm-none-eabi/lib/armv7-m\libg_nano.a(lib_a-impure.o)
 .bss           0x00000000        0x0 c:/program files (x86)/cypress/psoc creator/4.2/psoc creator/import/gnu/arm/5.4.1/bin/../lib/gcc/arm-none-eabi/5.4.1/../../../../arm-none-eabi/lib/armv7-m\libg_nano.a(lib_a-impure.o)
 .rodata._global_impure_ptr
                0x00000000        0x4 c:/program files (x86)/cypress/psoc creator/4.2/psoc creator/import/gnu/arm/5.4.1/bin/../lib/gcc/arm-none-eabi/5.4.1/../../../../arm-none-eabi/lib/armv7-m\libg_nano.a(lib_a-impure.o)
 .text          0x00000000        0x0 c:/program files (x86)/cypress/psoc creator/4.2/psoc creator/import/gnu/arm/5.4.1/bin/../lib/gcc/arm-none-eabi/5.4.1/../../../../arm-none-eabi/lib/armv7-m\libg_nano.a(lib_a-init.o)
 .data          0x00000000        0x0 c:/program files (x86)/cypress/psoc creator/4.2/psoc creator/import/gnu/arm/5.4.1/bin/../lib/gcc/arm-none-eabi/5.4.1/../../../../arm-none-eabi/lib/armv7-m\libg_nano.a(lib_a-init.o)
 .bss           0x00000000        0x0 c:/program files (x86)/cypress/psoc creator/4.2/psoc creator/import/gnu/arm/5.4.1/bin/../lib/gcc/arm-none-eabi/5.4.1/../../../../arm-none-eabi/lib/armv7-m\libg_nano.a(lib_a-init.o)
 .text          0x00000000        0x0 c:/program files (x86)/cypress/psoc creator/4.2/psoc creator/import/gnu/arm/5.4.1/bin/../lib/gcc/arm-none-eabi/5.4.1/../../../../arm-none-eabi/lib/armv7-m\libg_nano.a(lib_a-memcpy-stub.o)
 .data          0x00000000        0x0 c:/program files (x86)/cypress/psoc creator/4.2/psoc creator/import/gnu/arm/5.4.1/bin/../lib/gcc/arm-none-eabi/5.4.1/../../../../arm-none-eabi/lib/armv7-m\libg_nano.a(lib_a-memcpy-stub.o)
 .bss           0x00000000        0x0 c:/program files (x86)/cypress/psoc creator/4.2/psoc creator/import/gnu/arm/5.4.1/bin/../lib/gcc/arm-none-eabi/5.4.1/../../../../arm-none-eabi/lib/armv7-m\libg_nano.a(lib_a-memcpy-stub.o)
 .text          0x00000000        0x0 c:/program files (x86)/cypress/psoc creator/4.2/psoc creator/import/gnu/arm/5.4.1/bin/../lib/gcc/arm-none-eabi/5.4.1/../../../../arm-none-eabi/lib/armv7-m\libg_nano.a(lib_a-memset.o)
 .data          0x00000000        0x0 c:/program files (x86)/cypress/psoc creator/4.2/psoc creator/import/gnu/arm/5.4.1/bin/../lib/gcc/arm-none-eabi/5.4.1/../../../../arm-none-eabi/lib/armv7-m\libg_nano.a(lib_a-memset.o)
 .bss           0x00000000        0x0 c:/program files (x86)/cypress/psoc creator/4.2/psoc creator/import/gnu/arm/5.4.1/bin/../lib/gcc/arm-none-eabi/5.4.1/../../../../arm-none-eabi/lib/armv7-m\libg_nano.a(lib_a-memset.o)
 .text          0x00000000        0x0 c:/program files (x86)/cypress/psoc creator/4.2/psoc creator/import/gnu/arm/5.4.1/bin/../lib/gcc/arm-none-eabi/5.4.1/armv7-m/crtend.o
 .data          0x00000000        0x0 c:/program files (x86)/cypress/psoc creator/4.2/psoc creator/import/gnu/arm/5.4.1/bin/../lib/gcc/arm-none-eabi/5.4.1/armv7-m/crtend.o
 .bss           0x00000000        0x0 c:/program files (x86)/cypress/psoc creator/4.2/psoc creator/import/gnu/arm/5.4.1/bin/../lib/gcc/arm-none-eabi/5.4.1/armv7-m/crtend.o
 .text          0x00000000        0x0 c:/program files (x86)/cypress/psoc creator/4.2/psoc creator/import/gnu/arm/5.4.1/bin/../lib/gcc/arm-none-eabi/5.4.1/armv7-m/crtn.o
 .data          0x00000000        0x0 c:/program files (x86)/cypress/psoc creator/4.2/psoc creator/import/gnu/arm/5.4.1/bin/../lib/gcc/arm-none-eabi/5.4.1/armv7-m/crtn.o
 .bss           0x00000000        0x0 c:/program files (x86)/cypress/psoc creator/4.2/psoc creator/import/gnu/arm/5.4.1/bin/../lib/gcc/arm-none-eabi/5.4.1/armv7-m/crtn.o

Memory Configuration

Name             Origin             Length             Attributes
rom              0x00000000         0x00040000         xr
ram              0x1fff8000         0x00010000         xrw
*default*        0x00000000         0xffffffff

Linker script and memory map

LOAD c:/program files (x86)/cypress/psoc creator/4.2/psoc creator/import/gnu/arm/5.4.1/bin/../lib/gcc/arm-none-eabi/5.4.1/armv7-m/crti.o
LOAD c:/program files (x86)/cypress/psoc creator/4.2/psoc creator/import/gnu/arm/5.4.1/bin/../lib/gcc/arm-none-eabi/5.4.1/armv7-m/crtbegin.o
LOAD c:/program files (x86)/cypress/psoc creator/4.2/psoc creator/import/gnu/arm/5.4.1/bin/../lib/gcc/arm-none-eabi/5.4.1/../../../../arm-none-eabi/lib/armv7-m/crt0.o
START GROUP
LOAD .\CortexM3\ARM_GCC_541\Debug\main.o
LOAD .\CortexM3\ARM_GCC_541\Debug\cyfitter_cfg.o
LOAD .\CortexM3\ARM_GCC_541\Debug\cymetadata.o
LOAD .\CortexM3\ARM_GCC_541\Debug\Cm3Start.o
LOAD .\CortexM3\ARM_GCC_541\Debug\DigitalUtilityExample01.a
LOAD C:\Program Files (x86)\Cypress\PSoC Creator\4.2\PSoC Creator\psoc\content\cycomponentlibrary\CyComponentLibrary.cylib\CortexM3\ARM_GCC_541\Debug\CyComponentLibrary.a
END GROUP
START GROUP
LOAD c:/program files (x86)/cypress/psoc creator/4.2/psoc creator/import/gnu/arm/5.4.1/bin/../lib/gcc/arm-none-eabi/5.4.1/armv7-m\libgcc.a
LOAD c:/program files (x86)/cypress/psoc creator/4.2/psoc creator/import/gnu/arm/5.4.1/bin/../lib/gcc/arm-none-eabi/5.4.1/../../../../arm-none-eabi/lib/armv7-m\libg_nano.a
LOAD c:/program files (x86)/cypress/psoc creator/4.2/psoc creator/import/gnu/arm/5.4.1/bin/../lib/gcc/arm-none-eabi/5.4.1/../../../../arm-none-eabi/lib/armv7-m\libc_nano.a
END GROUP
START GROUP
LOAD c:/program files (x86)/cypress/psoc creator/4.2/psoc creator/import/gnu/arm/5.4.1/bin/../lib/gcc/arm-none-eabi/5.4.1/armv7-m\libgcc.a
LOAD c:/program files (x86)/cypress/psoc creator/4.2/psoc creator/import/gnu/arm/5.4.1/bin/../lib/gcc/arm-none-eabi/5.4.1/../../../../arm-none-eabi/lib/armv7-m\libc_nano.a
END GROUP
LOAD c:/program files (x86)/cypress/psoc creator/4.2/psoc creator/import/gnu/arm/5.4.1/bin/../lib/gcc/arm-none-eabi/5.4.1/armv7-m/crtend.o
LOAD c:/program files (x86)/cypress/psoc creator/4.2/psoc creator/import/gnu/arm/5.4.1/bin/../lib/gcc/arm-none-eabi/5.4.1/armv7-m/crtn.o
START GROUP
LOAD c:/program files (x86)/cypress/psoc creator/4.2/psoc creator/import/gnu/arm/5.4.1/bin/../lib/gcc/arm-none-eabi/5.4.1/armv7-m\libgcc.a
LOAD c:/program files (x86)/cypress/psoc creator/4.2/psoc creator/import/gnu/arm/5.4.1/bin/../lib/gcc/arm-none-eabi/5.4.1/../../../../arm-none-eabi/lib/armv7-m\libc.a
LOAD c:/program files (x86)/cypress/psoc creator/4.2/psoc creator/import/gnu/arm/5.4.1/bin/../lib/gcc/arm-none-eabi/5.4.1/../../../../arm-none-eabi/lib/armv7-m\libnosys.a
END GROUP
                0x00000000                CY_APPL_ORIGIN = 0x0
                0x00000100                CY_FLASH_ROW_SIZE = 0x100
                0x00000020                CY_ECC_ROW_SIZE = 0x20
                0x00000000                CY_EE_IN_BTLDR = 0x0
                0x00000000                CY_APPL_LOADABLE = 0x0
                0x00000800                CY_EE_SIZE = 0x800
                0x00000001                CY_APPL_NUM = 0x1
                0x00000001                CY_APPL_MAX = 0x1
                0x00000040                CY_METADATA_SIZE = 0x40
                0x00000000                CY_APPL_LOADABLE = 0x0
                0x00000000                CY_CHECKSUM_EXCLUDE_SIZE = ALIGN (0x0, CY_FLASH_ROW_SIZE)
                [!provide]                PROVIDE (__cy_heap_start, _end)
                0x00000001                PROVIDE (__cy_region_num, ((__cy_regions_end - __cy_regions) / 0x10))
                0x20008000                PROVIDE (__cy_stack, (ORIGIN (ram) + LENGTH (ram)))
                [!provide]                PROVIDE (__cy_heap_end, (__cy_stack - 0x800))

.cybootloader   0x00000000        0x0
 *(.cybootloader)
                0x00000000                appl1_start = CY_APPL_ORIGIN?CY_APPL_ORIGIN:ALIGN (CY_FLASH_ROW_SIZE)
                0x0001ff00                appl2_start = (appl1_start + ALIGN ((((LENGTH (rom) - appl1_start) - (0x2 * CY_FLASH_ROW_SIZE)) / 0x2), CY_FLASH_ROW_SIZE))
                0x00000000                appl_start = (CY_APPL_NUM == 0x1)?appl1_start:appl2_start
                0x00000000                ecc_offset = ((appl_start / CY_FLASH_ROW_SIZE) * CY_ECC_ROW_SIZE)
                0x00000000                ee_offset = (CY_APPL_LOADABLE && ! (CY_EE_IN_BTLDR))?((CY_EE_SIZE / CY_APPL_MAX) * (CY_APPL_NUM - 0x1)):0x0
                0x00000800                ee_size = (CY_APPL_LOADABLE && ! (CY_EE_IN_BTLDR))?(CY_EE_SIZE / CY_APPL_MAX):CY_EE_SIZE
                [!provide]                PROVIDE (CY_ECC_OFFSET, ecc_offset)

.text           0x00000000      0x7ee
 CREATE_OBJECT_SYMBOLS
                0x00000000                PROVIDE (__cy_interrupt_vector, RomVectors)
 *(.romvectors)
 .romvectors    0x00000000       0x10 .\CortexM3\ARM_GCC_541\Debug\Cm3Start.o
                0x00000000                RomVectors
                0x00000001                ASSERT ((. != __cy_interrupt_vector), No interrupt vector)
                0x00000001                ASSERT (CY_APPL_ORIGIN?(SIZEOF (.cybootloader) <= CY_APPL_ORIGIN):0x1, Wrong image location)
                0x00000010                PROVIDE (__cy_reset, Reset)
 *(.text.Reset)
 .text.Reset    0x00000010       0x18 .\CortexM3\ARM_GCC_541\Debug\Cm3Start.o
                0x00000010                Reset
                0x00000001                ASSERT ((. != __cy_reset), No reset code)
 *(.dma_init)
                0x00000001                ASSERT ((((appl_start + .) <= 0x10000) || 0x1), DMA Init must be within the first 64k of flash)
 *(.text .text.* .gnu.linkonce.t.*)
 .text          0x00000028       0x5c c:/program files (x86)/cypress/psoc creator/4.2/psoc creator/import/gnu/arm/5.4.1/bin/../lib/gcc/arm-none-eabi/5.4.1/armv7-m/crtbegin.o
 .text.debouncedInt_Handler
                0x00000084       0x10 .\CortexM3\ARM_GCC_541\Debug\main.o
                0x00000084                debouncedInt_Handler
 .text.main     0x00000094       0x30 .\CortexM3\ARM_GCC_541\Debug\main.o
                0x00000094                main
 .text.CyClockStartupError
                0x000000c4        0x4 .\CortexM3\ARM_GCC_541\Debug\cyfitter_cfg.o
 .text.cfg_write_bytes32
                0x000000c8       0x34 .\CortexM3\ARM_GCC_541\Debug\cyfitter_cfg.o
 .text.AnalogSetDefault
                0x000000fc       0x28 .\CortexM3\ARM_GCC_541\Debug\cyfitter_cfg.o
 .text.CYMEMZERO
                0x00000124        0xc .\CortexM3\ARM_GCC_541\Debug\cyfitter_cfg.o
 .text.ClockSetup
                0x00000130       0xd4 .\CortexM3\ARM_GCC_541\Debug\cyfitter_cfg.o
 .text.CYCONFIGCPY
                0x00000204        0x8 .\CortexM3\ARM_GCC_541\Debug\cyfitter_cfg.o
 .text.cyfitter_cfg
                0x0000020c      0x100 .\CortexM3\ARM_GCC_541\Debug\cyfitter_cfg.o
                0x0000020c                cyfitter_cfg
 .text.IntDefaultHandler
                0x0000030c       0x10 .\CortexM3\ARM_GCC_541\Debug\Cm3Start.o
                0x0000030c                IntDefaultHandler
 .text.Start_c  0x0000031c       0x4c .\CortexM3\ARM_GCC_541\Debug\Cm3Start.o
                0x0000031c                Start_c
 .text.initialize_psoc
                0x00000368       0x68 .\CortexM3\ARM_GCC_541\Debug\Cm3Start.o
                0x00000368                initialize_psoc
 .text.CyHalt   0x000003d0        0x4 .\CortexM3\ARM_GCC_541\Debug\DigitalUtilityExample01.a(CyLib.o)
                0x000003d0                CyHalt
 .text.CyIntSetVector
                0x000003d4       0x28 .\CortexM3\ARM_GCC_541\Debug\DigitalUtilityExample01.a(CyLib.o)
                0x000003d4                CyIntSetVector
 .text.CyIntSetPriority
                0x000003fc       0x30 .\CortexM3\ARM_GCC_541\Debug\DigitalUtilityExample01.a(CyLib.o)
                0x000003fc                CyIntSetPriority
 .text.debounced_Int_SetVector
                0x0000042c        0xc .\CortexM3\ARM_GCC_541\Debug\DigitalUtilityExample01.a(debounced_Int.o)
                0x0000042c                debounced_Int_SetVector
 .text.debounced_Int_SetPriority
                0x00000438       0x10 .\CortexM3\ARM_GCC_541\Debug\DigitalUtilityExample01.a(debounced_Int.o)
                0x00000438                debounced_Int_SetPriority
 .text.debounced_Int_Enable
                0x00000448        0xc .\CortexM3\ARM_GCC_541\Debug\DigitalUtilityExample01.a(debounced_Int.o)
                0x00000448                debounced_Int_Enable
 .text.debounced_Int_Disable
                0x00000454        0xc .\CortexM3\ARM_GCC_541\Debug\DigitalUtilityExample01.a(debounced_Int.o)
                0x00000454                debounced_Int_Disable
 .text.debounced_Int_StartEx
                0x00000460       0x1c .\CortexM3\ARM_GCC_541\Debug\DigitalUtilityExample01.a(debounced_Int.o)
                0x00000460                debounced_Int_StartEx
 .text.debounced_Int_ClearPending
                0x0000047c        0xc .\CortexM3\ARM_GCC_541\Debug\DigitalUtilityExample01.a(debounced_Int.o)
                0x0000047c                debounced_Int_ClearPending
 .text.screen_Init
                0x00000488       0x5c .\CortexM3\ARM_GCC_541\Debug\DigitalUtilityExample01.a(screen.o)
                0x00000488                screen_Init
 .text.screen_Enable
                0x000004e4       0x50 .\CortexM3\ARM_GCC_541\Debug\DigitalUtilityExample01.a(screen.o)
                0x000004e4                screen_Enable
 .text.screen_Start
                0x00000534       0x1c .\CortexM3\ARM_GCC_541\Debug\DigitalUtilityExample01.a(screen.o)
                0x00000534                screen_Start
 .text.screen_RXISR
                0x00000550       0x98 .\CortexM3\ARM_GCC_541\Debug\DigitalUtilityExample01.a(screen_INT.o)
                0x00000550                screen_RXISR
 .text.screen_TXISR
                0x000005e8       0x58 .\CortexM3\ARM_GCC_541\Debug\DigitalUtilityExample01.a(screen_INT.o)
                0x000005e8                screen_TXISR
 .text.PRINTER_A_Init
                0x00000640       0x30 .\CortexM3\ARM_GCC_541\Debug\DigitalUtilityExample01.a(PRINTER_A.o)
                0x00000640                PRINTER_A_Init
 .text.PRINTER_A_Enable
                0x00000670       0x34 .\CortexM3\ARM_GCC_541\Debug\DigitalUtilityExample01.a(PRINTER_A.o)
                0x00000670                PRINTER_A_Enable
 .text.PRINTER_A_Start
                0x000006a4       0x1c .\CortexM3\ARM_GCC_541\Debug\DigitalUtilityExample01.a(PRINTER_A.o)
                0x000006a4                PRINTER_A_Start
 .text.PRINTER_A_TXISR
                0x000006c0       0x58 .\CortexM3\ARM_GCC_541\Debug\DigitalUtilityExample01.a(PRINTER_A_INT.o)
                0x000006c0                PRINTER_A_TXISR
 .text.screen_IntClock_Start
                0x00000718       0x1c .\CortexM3\ARM_GCC_541\Debug\DigitalUtilityExample01.a(screen_IntClock.o)
                0x00000718                screen_IntClock_Start
 .text.PRINTER_A_IntClock_Start
                0x00000734       0x1c .\CortexM3\ARM_GCC_541\Debug\DigitalUtilityExample01.a(PRINTER_A_IntClock.o)
                0x00000734                PRINTER_A_IntClock_Start
 .text          0x00000750       0x20 .\CortexM3\ARM_GCC_541\Debug\DigitalUtilityExample01.a(CyBootAsmGnu.o)
                0x00000750                CyDelayCycles
                0x00000760                CyEnterCriticalSection
                0x00000768                CyExitCriticalSection
 .text.__errno  0x00000770        0xc c:/program files (x86)/cypress/psoc creator/4.2/psoc creator/import/gnu/arm/5.4.1/bin/../lib/gcc/arm-none-eabi/5.4.1/../../../../arm-none-eabi/lib/armv7-m\libg_nano.a(lib_a-errno.o)
                0x00000770                __errno
 .text.__libc_init_array
                0x0000077c       0x4c c:/program files (x86)/cypress/psoc creator/4.2/psoc creator/import/gnu/arm/5.4.1/bin/../lib/gcc/arm-none-eabi/5.4.1/../../../../arm-none-eabi/lib/armv7-m\libg_nano.a(lib_a-init.o)
                0x0000077c                __libc_init_array
 .text.memcpy   0x000007c8       0x16 c:/program files (x86)/cypress/psoc creator/4.2/psoc creator/import/gnu/arm/5.4.1/bin/../lib/gcc/arm-none-eabi/5.4.1/../../../../arm-none-eabi/lib/armv7-m\libg_nano.a(lib_a-memcpy-stub.o)
                0x000007c8                memcpy
 .text.memset   0x000007de       0x10 c:/program files (x86)/cypress/psoc creator/4.2/psoc creator/import/gnu/arm/5.4.1/bin/../lib/gcc/arm-none-eabi/5.4.1/../../../../arm-none-eabi/lib/armv7-m\libg_nano.a(lib_a-memset.o)
                0x000007de                memset
 *(.plt)
 *(.gnu.warning)
 *(.glue_7t)
 .glue_7t       0x000007ee        0x0 linker stubs
 *(.glue_7)
 .glue_7        0x000007ee        0x0 linker stubs
 *(.vfp11_veneer)
 .vfp11_veneer  0x000007ee        0x0 linker stubs
 *(.bootloader)
 *(.ARM.extab* .gnu.linkonce.armextab.*)
 *(.gcc_except_table)

.v4_bx          0x000007f0        0x0
 .v4_bx         0x000007f0        0x0 linker stubs

.iplt           0x000007f0        0x0
 .iplt          0x000007f0        0x0 c:/program files (x86)/cypress/psoc creator/4.2/psoc creator/import/gnu/arm/5.4.1/bin/../lib/gcc/arm-none-eabi/5.4.1/armv7-m/crtbegin.o

.eh_frame_hdr
 *(.eh_frame_hdr)

.eh_frame       0x000007f0        0x4
 *(.eh_frame)
 .eh_frame      0x000007f0        0x0 c:/program files (x86)/cypress/psoc creator/4.2/psoc creator/import/gnu/arm/5.4.1/bin/../lib/gcc/arm-none-eabi/5.4.1/armv7-m/crtbegin.o
 .eh_frame      0x000007f0        0x4 c:/program files (x86)/cypress/psoc creator/4.2/psoc creator/import/gnu/arm/5.4.1/bin/../lib/gcc/arm-none-eabi/5.4.1/armv7-m/crtend.o
                [!provide]                PROVIDE (__exidx_start, .)

.ARM.exidx
 *(.ARM.exidx* .gnu.linkonce.armexidx.*)
                0x000007f4                __exidx_end = .

.rodata         0x000007f4       0x64
 *(.rodata .rodata.* .gnu.linkonce.r.*)
 .rodata        0x000007f4       0x2a .\CortexM3\ARM_GCC_541\Debug\cyfitter_cfg.o
 .rodata.str1.1
                0x0000081e        0x2 c:/program files (x86)/cypress/psoc creator/4.2/psoc creator/import/gnu/arm/5.4.1/bin/../lib/gcc/arm-none-eabi/5.4.1/../../../../arm-none-eabi/lib/armv7-m\libg_nano.a(lib_a-impure.o)
                0x00000820                . = ALIGN (0x4)
 *(.init)
 .init          0x00000820        0x4 c:/program files (x86)/cypress/psoc creator/4.2/psoc creator/import/gnu/arm/5.4.1/bin/../lib/gcc/arm-none-eabi/5.4.1/armv7-m/crti.o
                0x00000820                _init
 .init          0x00000824        0x8 c:/program files (x86)/cypress/psoc creator/4.2/psoc creator/import/gnu/arm/5.4.1/bin/../lib/gcc/arm-none-eabi/5.4.1/armv7-m/crtn.o
                0x0000082c                . = ALIGN (0x4)
                0x0000082c                __preinit_array_start = .
 *(.preinit_array)
                0x0000082c                __preinit_array_end = .
                0x0000082c                . = ALIGN (0x4)
                0x0000082c                __init_array_start = .
 *(SORT(.init_array.*))
 *(.init_array)
 .init_array    0x0000082c        0x4 c:/program files (x86)/cypress/psoc creator/4.2/psoc creator/import/gnu/arm/5.4.1/bin/../lib/gcc/arm-none-eabi/5.4.1/armv7-m/crtbegin.o
 .init_array    0x00000830        0x4 .\CortexM3\ARM_GCC_541\Debug\Cm3Start.o
                0x00000834                __init_array_end = .
                0x00000834                . = ALIGN (0x4)
 *(.fini)
 .fini          0x00000834        0x4 c:/program files (x86)/cypress/psoc creator/4.2/psoc creator/import/gnu/arm/5.4.1/bin/../lib/gcc/arm-none-eabi/5.4.1/armv7-m/crti.o
                0x00000834                _fini
 .fini          0x00000838        0x8 c:/program files (x86)/cypress/psoc creator/4.2/psoc creator/import/gnu/arm/5.4.1/bin/../lib/gcc/arm-none-eabi/5.4.1/armv7-m/crtn.o
                0x00000840                . = ALIGN (0x4)
                0x00000840                __fini_array_start = .
 *(.fini_array)
 .fini_array    0x00000840        0x4 c:/program files (x86)/cypress/psoc creator/4.2/psoc creator/import/gnu/arm/5.4.1/bin/../lib/gcc/arm-none-eabi/5.4.1/armv7-m/crtbegin.o
 *(SORT(.fini_array.*))
                0x00000844                __fini_array_end = .
                0x00000844                . = ALIGN (0x4)
 *crtbegin.o(.ctors)
 *(EXCLUDE_FILE(*crtend.o) .ctors)
 *(SORT(.ctors.*))
 *crtend.o(.ctors)
                0x00000844                . = ALIGN (0x4)
 *crtbegin.o(.dtors)
 *(EXCLUDE_FILE(*crtend.o) .dtors)
 *(SORT(.dtors.*))
 *crtend.o(.dtors)
                0x00000844                . = ALIGN (0x4)
                0x00000844                __cy_regions = .
                0x00000844        0x4 LONG 0x858 __cy_region_init_ram
                0x00000848        0x4 LONG 0x1fff80c8 __cy_region_start_data
                0x0000084c        0x4 LONG 0x68 __cy_region_init_size_ram
                0x00000850        0x4 LONG 0x58 __cy_region_zero_size_ram
                0x00000854                __cy_regions_end = .
                0x00000858                . = ALIGN (0x8)
 *fill*         0x00000854        0x4 
                0x00000858                _etext = .

.cy_checksum_exclude
                0x00000858        0x0
 *(.cy_checksum_exclude)

.ramvectors     0x1fff8000       0xc0
                0x1fff8000                __cy_region_start_ram = .
 *(.ramvectors)
 .ramvectors    0x1fff8000       0xc0 .\CortexM3\ARM_GCC_541\Debug\Cm3Start.o
                0x1fff8000                CyRamVectors

.noinit         0x1fff80c0        0x1
 *(.noinit)
 .noinit        0x1fff80c0        0x1 .\CortexM3\ARM_GCC_541\Debug\DigitalUtilityExample01.a(CyLib.o)
                0x1fff80c0                CyResetStatus

.data           0x1fff80c8       0x68 load address 0x00000858
                0x1fff80c8                __cy_region_start_data = .
 *(.jcr)
 .jcr           0x1fff80c8        0x0 c:/program files (x86)/cypress/psoc creator/4.2/psoc creator/import/gnu/arm/5.4.1/bin/../lib/gcc/arm-none-eabi/5.4.1/armv7-m/crtbegin.o
 .jcr           0x1fff80c8        0x4 c:/program files (x86)/cypress/psoc creator/4.2/psoc creator/import/gnu/arm/5.4.1/bin/../lib/gcc/arm-none-eabi/5.4.1/armv7-m/crtend.o
 *(.got.plt)
 *(.got)
 *(.shdata)
 *(.data .data.* .gnu.linkonce.d.*)
 .data.impure_data
                0x1fff80cc       0x60 c:/program files (x86)/cypress/psoc creator/4.2/psoc creator/import/gnu/arm/5.4.1/bin/../lib/gcc/arm-none-eabi/5.4.1/../../../../arm-none-eabi/lib/armv7-m\libg_nano.a(lib_a-impure.o)
 .data._impure_ptr
                0x1fff812c        0x4 c:/program files (x86)/cypress/psoc creator/4.2/psoc creator/import/gnu/arm/5.4.1/bin/../lib/gcc/arm-none-eabi/5.4.1/../../../../arm-none-eabi/lib/armv7-m\libg_nano.a(lib_a-impure.o)
                0x1fff812c                _impure_ptr
                0x1fff8130                . = ALIGN (0x8)
 *(.ram)
                0x1fff8130                _edata = .

.igot.plt       0x1fff8130        0x0 load address 0x000008c0
 .igot.plt      0x1fff8130        0x0 c:/program files (x86)/cypress/psoc creator/4.2/psoc creator/import/gnu/arm/5.4.1/bin/../lib/gcc/arm-none-eabi/5.4.1/armv7-m/crtbegin.o

.bss            0x1fff8130       0x58 load address 0x000008c0
                0x1fff8130                PROVIDE (__bss_start__, .)
 *(.shbss)
 *(.bss .bss.* .gnu.linkonce.b.*)
 .bss           0x1fff8130       0x1c c:/program files (x86)/cypress/psoc creator/4.2/psoc creator/import/gnu/arm/5.4.1/bin/../lib/gcc/arm-none-eabi/5.4.1/armv7-m/crtbegin.o
 .bss           0x1fff814c        0x4 .\CortexM3\ARM_GCC_541\Debug\main.o
                0x1fff814c                filteredCount
 .bss           0x1fff8150        0x9 .\CortexM3\ARM_GCC_541\Debug\DigitalUtilityExample01.a(screen.o)
                0x1fff8150                screen_errorStatus
                0x1fff8151                screen_initVar
                0x1fff8152                screen_rxBufferRead
                0x1fff8153                screen_rxBufferWrite
                0x1fff8154                screen_rxBufferLoopDetect
                0x1fff8155                screen_rxBufferOverflow
                0x1fff8156                screen_txBufferRead
                0x1fff8157                screen_txBufferWrite
 .bss           0x1fff8159        0x4 .\CortexM3\ARM_GCC_541\Debug\DigitalUtilityExample01.a(PRINTER_A.o)
                0x1fff8159                PRINTER_A_initVar
                0x1fff815a                PRINTER_A_txBufferRead
                0x1fff815b                PRINTER_A_txBufferWrite
 *(COMMON)
 *fill*         0x1fff815d        0x3 
 COMMON         0x1fff8160       0x1c .\CortexM3\ARM_GCC_541\Debug\DigitalUtilityExample01.a(screen.o)
                0x1fff8160                screen_txBuffer
                0x1fff8168                screen_rxBuffer
 COMMON         0x1fff817c        0x5 .\CortexM3\ARM_GCC_541\Debug\DigitalUtilityExample01.a(PRINTER_A.o)
                0x1fff817c                PRINTER_A_txBuffer
                0x1fff8188                . = ALIGN (0x8)
 *fill*         0x1fff8181        0x7 
 *(.ram.b)
                0x1fff8188                _end = .
                0x1fff8188                __end = .
                0x1fff8188                PROVIDE (end, .)
                0x1fff8188                PROVIDE (__bss_end__, .)
                0x00000858                __cy_region_init_ram = LOADADDR (.data)
                0x00000068                __cy_region_init_size_ram = (_edata - ADDR (.data))
                0x00000058                __cy_region_zero_size_ram = (_end - _edata)

.heap           0x1fff8188       0x80 load address 0x000008c0
                0x1fff8188                . = _end
                0x1fff8208                . = (. + 0x80)
 *fill*         0x1fff8188       0x80 
                0x1fff8208                __cy_heap_limit = .

.stack          0x20007800      0x800
                0x20007800                __cy_stack_limit = .
                0x20008000                . = (. + 0x800)
 *fill*         0x20007800      0x800 
                0x00000001                ASSERT ((__cy_stack_limit >= __cy_heap_limit), region RAM overflowed with stack)
                0x00000000                cy_checksum_exclude_size = (CY_APPL_LOADABLE == 0x1)?SIZEOF (.cy_checksum_exclude):0x0
                0x00000001                ASSERT ((cy_checksum_exclude_size <= CY_CHECKSUM_EXCLUDE_SIZE), CY_BOOT: Section .cy_checksum_exclude size exceedes specified limit.)

.cyloadermeta
 *(.cyloadermeta)

.cyloadablemeta
 *(.cyloadablemeta)

.cyconfigecc    0x80000000      0x594
 *(.cyconfigecc)
 .cyconfigecc   0x80000000      0x594 .\CortexM3\ARM_GCC_541\Debug\cymetadata.o
                0x80000000                cy_meta_configecc

.cycustnvl      0x90000000        0x4
 *(.cycustnvl)
 .cycustnvl     0x90000000        0x4 .\CortexM3\ARM_GCC_541\Debug\cymetadata.o
                0x90000000                cy_meta_custnvl

.cywolatch      0x90100000        0x4
 *(.cywolatch)
 .cywolatch     0x90100000        0x4 .\CortexM3\ARM_GCC_541\Debug\cymetadata.o
                0x90100000                cy_meta_wonvl

.cyeeprom       0x90200000        0x0
 *(.cyeeprom)
                0x00000001                ASSERT ((. <= ((0x90200000 + ee_offset) + ee_size)), .cyeeprom data will not fit in EEPROM)

.cyflashprotect
                0x90400000      0x100
 *(.cyflashprotect)
 .cyflashprotect
                0x90400000      0x100 .\CortexM3\ARM_GCC_541\Debug\cymetadata.o
                0x90400000                cy_meta_flashprotect

.cymeta         0x90500000        0xc
 *(.cymeta)
 .cymeta        0x90500000        0xc .\CortexM3\ARM_GCC_541\Debug\cymetadata.o
                0x90500000                cy_metadata

.rel.dyn        0x000008c0        0x0 load address 0x9050000c
 .rel.iplt      0x000008c0        0x0 c:/program files (x86)/cypress/psoc creator/4.2/psoc creator/import/gnu/arm/5.4.1/bin/../lib/gcc/arm-none-eabi/5.4.1/armv7-m/crtbegin.o

.stab
 *(.stab)

.stabstr
 *(.stabstr)

.debug
 *(.debug)

.line
 *(.line)

.debug_srcinfo
 *(.debug_srcinfo)

.debug_sfnames
 *(.debug_sfnames)

.debug_aranges  0x00000000      0x868
 *(.debug_aranges)
 .debug_aranges
                0x00000000       0x28 .\CortexM3\ARM_GCC_541\Debug\main.o
 .debug_aranges
                0x00000028       0x58 .\CortexM3\ARM_GCC_541\Debug\cyfitter_cfg.o
 .debug_aranges
                0x00000080       0x18 .\CortexM3\ARM_GCC_541\Debug\cymetadata.o
 .debug_aranges
                0x00000098       0x48 .\CortexM3\ARM_GCC_541\Debug\Cm3Start.o
 .debug_aranges
                0x000000e0      0x2a0 .\CortexM3\ARM_GCC_541\Debug\DigitalUtilityExample01.a(CyLib.o)
 .debug_aranges
                0x00000380       0x98 .\CortexM3\ARM_GCC_541\Debug\DigitalUtilityExample01.a(cyPm.o)
 .debug_aranges
                0x00000418       0x80 .\CortexM3\ARM_GCC_541\Debug\DigitalUtilityExample01.a(debounced_Int.o)
 .debug_aranges
                0x00000498       0xf0 .\CortexM3\ARM_GCC_541\Debug\DigitalUtilityExample01.a(screen.o)
 .debug_aranges
                0x00000588       0x28 .\CortexM3\ARM_GCC_541\Debug\DigitalUtilityExample01.a(screen_INT.o)
 .debug_aranges
                0x000005b0       0xa0 .\CortexM3\ARM_GCC_541\Debug\DigitalUtilityExample01.a(PRINTER_A.o)
 .debug_aranges
                0x00000650       0x20 .\CortexM3\ARM_GCC_541\Debug\DigitalUtilityExample01.a(PRINTER_A_INT.o)
 .debug_aranges
                0x00000670       0x70 .\CortexM3\ARM_GCC_541\Debug\DigitalUtilityExample01.a(screen_IntClock.o)
 .debug_aranges
                0x000006e0       0x70 .\CortexM3\ARM_GCC_541\Debug\DigitalUtilityExample01.a(PRINTER_A_IntClock.o)
 .debug_aranges
                0x00000750       0x20 .\CortexM3\ARM_GCC_541\Debug\DigitalUtilityExample01.a(CyBootAsmGnu.o)
 .debug_aranges
                0x00000770       0x80 .\CortexM3\ARM_GCC_541\Debug\DigitalUtilityExample01.a(CyFlash.o)
 .debug_aranges
                0x000007f0       0x78 .\CortexM3\ARM_GCC_541\Debug\DigitalUtilityExample01.a(CySpc.o)

.debug_pubnames
 *(.debug_pubnames)

.debug_info     0x00000000     0x4b70
 *(.debug_info .gnu.linkonce.wi.*)
 .debug_info    0x00000000      0x15c .\CortexM3\ARM_GCC_541\Debug\main.o
 .debug_info    0x0000015c      0x4ee .\CortexM3\ARM_GCC_541\Debug\cyfitter_cfg.o
 .debug_info    0x0000064a      0x136 .\CortexM3\ARM_GCC_541\Debug\cymetadata.o
 .debug_info    0x00000780      0x3bb .\CortexM3\ARM_GCC_541\Debug\Cm3Start.o
 .debug_info    0x00000b3b     0x1374 .\CortexM3\ARM_GCC_541\Debug\DigitalUtilityExample01.a(CyLib.o)
 .debug_info    0x00001eaf      0xa2a .\CortexM3\ARM_GCC_541\Debug\DigitalUtilityExample01.a(cyPm.o)
 .debug_info    0x000028d9      0x2d2 .\CortexM3\ARM_GCC_541\Debug\DigitalUtilityExample01.a(debounced_Int.o)
 .debug_info    0x00002bab      0x7be .\CortexM3\ARM_GCC_541\Debug\DigitalUtilityExample01.a(screen.o)
 .debug_info    0x00003369      0x196 .\CortexM3\ARM_GCC_541\Debug\DigitalUtilityExample01.a(screen_INT.o)
 .debug_info    0x000034ff      0x521 .\CortexM3\ARM_GCC_541\Debug\DigitalUtilityExample01.a(PRINTER_A.o)
 .debug_info    0x00003a20       0xf6 .\CortexM3\ARM_GCC_541\Debug\DigitalUtilityExample01.a(PRINTER_A_INT.o)
 .debug_info    0x00003b16      0x283 .\CortexM3\ARM_GCC_541\Debug\DigitalUtilityExample01.a(screen_IntClock.o)
 .debug_info    0x00003d99      0x283 .\CortexM3\ARM_GCC_541\Debug\DigitalUtilityExample01.a(PRINTER_A_IntClock.o)
 .debug_info    0x0000401c       0xb3 .\CortexM3\ARM_GCC_541\Debug\DigitalUtilityExample01.a(CyBootAsmGnu.o)
 .debug_info    0x000040cf      0x5b8 .\CortexM3\ARM_GCC_541\Debug\DigitalUtilityExample01.a(CyFlash.o)
 .debug_info    0x00004687      0x4e9 .\CortexM3\ARM_GCC_541\Debug\DigitalUtilityExample01.a(CySpc.o)

.debug_abbrev   0x00000000     0x1451
 *(.debug_abbrev)
 .debug_abbrev  0x00000000       0xd7 .\CortexM3\ARM_GCC_541\Debug\main.o
 .debug_abbrev  0x000000d7      0x1fe .\CortexM3\ARM_GCC_541\Debug\cyfitter_cfg.o
 .debug_abbrev  0x000002d5       0x77 .\CortexM3\ARM_GCC_541\Debug\cymetadata.o
 .debug_abbrev  0x0000034c      0x1e8 .\CortexM3\ARM_GCC_541\Debug\Cm3Start.o
 .debug_abbrev  0x00000534      0x254 .\CortexM3\ARM_GCC_541\Debug\DigitalUtilityExample01.a(CyLib.o)
 .debug_abbrev  0x00000788      0x1ab .\CortexM3\ARM_GCC_541\Debug\DigitalUtilityExample01.a(cyPm.o)
 .debug_abbrev  0x00000933      0x173 .\CortexM3\ARM_GCC_541\Debug\DigitalUtilityExample01.a(debounced_Int.o)
 .debug_abbrev  0x00000aa6      0x16f .\CortexM3\ARM_GCC_541\Debug\DigitalUtilityExample01.a(screen.o)
 .debug_abbrev  0x00000c15       0xa2 .\CortexM3\ARM_GCC_541\Debug\DigitalUtilityExample01.a(screen_INT.o)
 .debug_abbrev  0x00000cb7      0x16f .\CortexM3\ARM_GCC_541\Debug\DigitalUtilityExample01.a(PRINTER_A.o)
 .debug_abbrev  0x00000e26       0x79 .\CortexM3\ARM_GCC_541\Debug\DigitalUtilityExample01.a(PRINTER_A_INT.o)
 .debug_abbrev  0x00000e9f      0x139 .\CortexM3\ARM_GCC_541\Debug\DigitalUtilityExample01.a(screen_IntClock.o)
 .debug_abbrev  0x00000fd8      0x139 .\CortexM3\ARM_GCC_541\Debug\DigitalUtilityExample01.a(PRINTER_A_IntClock.o)
 .debug_abbrev  0x00001111       0x14 .\CortexM3\ARM_GCC_541\Debug\DigitalUtilityExample01.a(CyBootAsmGnu.o)
 .debug_abbrev  0x00001125      0x198 .\CortexM3\ARM_GCC_541\Debug\DigitalUtilityExample01.a(CyFlash.o)
 .debug_abbrev  0x000012bd      0x194 .\CortexM3\ARM_GCC_541\Debug\DigitalUtilityExample01.a(CySpc.o)

.debug_line     0x00000000     0x21e0
 *(.debug_line)
 .debug_line    0x00000000      0x1aa .\CortexM3\ARM_GCC_541\Debug\main.o
 .debug_line    0x000001aa      0x1dc .\CortexM3\ARM_GCC_541\Debug\cyfitter_cfg.o
 .debug_line    0x00000386      0x141 .\CortexM3\ARM_GCC_541\Debug\cymetadata.o
 .debug_line    0x000004c7      0x234 .\CortexM3\ARM_GCC_541\Debug\Cm3Start.o
 .debug_line    0x000006fb      0x816 .\CortexM3\ARM_GCC_541\Debug\DigitalUtilityExample01.a(CyLib.o)
 .debug_line    0x00000f11      0x367 .\CortexM3\ARM_GCC_541\Debug\DigitalUtilityExample01.a(cyPm.o)
 .debug_line    0x00001278      0x13a .\CortexM3\ARM_GCC_541\Debug\DigitalUtilityExample01.a(debounced_Int.o)
 .debug_line    0x000013b2      0x33f .\CortexM3\ARM_GCC_541\Debug\DigitalUtilityExample01.a(screen.o)
 .debug_line    0x000016f1       0xa9 .\CortexM3\ARM_GCC_541\Debug\DigitalUtilityExample01.a(screen_INT.o)
 .debug_line    0x0000179a      0x235 .\CortexM3\ARM_GCC_541\Debug\DigitalUtilityExample01.a(PRINTER_A.o)
 .debug_line    0x000019cf       0x87 .\CortexM3\ARM_GCC_541\Debug\DigitalUtilityExample01.a(PRINTER_A_INT.o)
 .debug_line    0x00001a56      0x17e .\CortexM3\ARM_GCC_541\Debug\DigitalUtilityExample01.a(screen_IntClock.o)
 .debug_line    0x00001bd4      0x181 .\CortexM3\ARM_GCC_541\Debug\DigitalUtilityExample01.a(PRINTER_A_IntClock.o)
 .debug_line    0x00001d55       0x66 .\CortexM3\ARM_GCC_541\Debug\DigitalUtilityExample01.a(CyBootAsmGnu.o)
 .debug_line    0x00001dbb      0x1e9 .\CortexM3\ARM_GCC_541\Debug\DigitalUtilityExample01.a(CyFlash.o)
 .debug_line    0x00001fa4      0x23c .\CortexM3\ARM_GCC_541\Debug\DigitalUtilityExample01.a(CySpc.o)

.debug_frame    0x00000000     0x15ac
 *(.debug_frame)
 .debug_frame   0x00000000       0x3c .\CortexM3\ARM_GCC_541\Debug\main.o
 .debug_frame   0x0000003c       0xe4 .\CortexM3\ARM_GCC_541\Debug\cyfitter_cfg.o
 .debug_frame   0x00000120       0xb8 .\CortexM3\ARM_GCC_541\Debug\Cm3Start.o
 .debug_frame   0x000001d8      0x738 .\CortexM3\ARM_GCC_541\Debug\DigitalUtilityExample01.a(CyLib.o)
 .debug_frame   0x00000910      0x1f8 .\CortexM3\ARM_GCC_541\Debug\DigitalUtilityExample01.a(cyPm.o)
 .debug_frame   0x00000b08      0x104 .\CortexM3\ARM_GCC_541\Debug\DigitalUtilityExample01.a(debounced_Int.o)
 .debug_frame   0x00000c0c      0x25c .\CortexM3\ARM_GCC_541\Debug\DigitalUtilityExample01.a(screen.o)
 .debug_frame   0x00000e68       0x30 .\CortexM3\ARM_GCC_541\Debug\DigitalUtilityExample01.a(screen_INT.o)
 .debug_frame   0x00000e98      0x1a4 .\CortexM3\ARM_GCC_541\Debug\DigitalUtilityExample01.a(PRINTER_A.o)
 .debug_frame   0x0000103c       0x20 .\CortexM3\ARM_GCC_541\Debug\DigitalUtilityExample01.a(PRINTER_A_INT.o)
 .debug_frame   0x0000105c       0xe0 .\CortexM3\ARM_GCC_541\Debug\DigitalUtilityExample01.a(screen_IntClock.o)
 .debug_frame   0x0000113c       0xe0 .\CortexM3\ARM_GCC_541\Debug\DigitalUtilityExample01.a(PRINTER_A_IntClock.o)
 .debug_frame   0x0000121c      0x174 .\CortexM3\ARM_GCC_541\Debug\DigitalUtilityExample01.a(CyFlash.o)
 .debug_frame   0x00001390      0x160 .\CortexM3\ARM_GCC_541\Debug\DigitalUtilityExample01.a(CySpc.o)
 .debug_frame   0x000014f0       0x20 c:/program files (x86)/cypress/psoc creator/4.2/psoc creator/import/gnu/arm/5.4.1/bin/../lib/gcc/arm-none-eabi/5.4.1/../../../../arm-none-eabi/lib/armv7-m\libg_nano.a(lib_a-errno.o)
 .debug_frame   0x00001510       0x28 c:/program files (x86)/cypress/psoc creator/4.2/psoc creator/import/gnu/arm/5.4.1/bin/../lib/gcc/arm-none-eabi/5.4.1/../../../../arm-none-eabi/lib/armv7-m\libg_nano.a(lib_a-exit.o)
 .debug_frame   0x00001538       0x2c c:/program files (x86)/cypress/psoc creator/4.2/psoc creator/import/gnu/arm/5.4.1/bin/../lib/gcc/arm-none-eabi/5.4.1/../../../../arm-none-eabi/lib/armv7-m\libg_nano.a(lib_a-init.o)
 .debug_frame   0x00001564       0x28 c:/program files (x86)/cypress/psoc creator/4.2/psoc creator/import/gnu/arm/5.4.1/bin/../lib/gcc/arm-none-eabi/5.4.1/../../../../arm-none-eabi/lib/armv7-m\libg_nano.a(lib_a-memcpy-stub.o)
 .debug_frame   0x0000158c       0x20 c:/program files (x86)/cypress/psoc creator/4.2/psoc creator/import/gnu/arm/5.4.1/bin/../lib/gcc/arm-none-eabi/5.4.1/../../../../arm-none-eabi/lib/armv7-m\libg_nano.a(lib_a-memset.o)

.debug_str      0x00000000     0x1de8
 *(.debug_str)
 .debug_str     0x00000000      0x1f9 .\CortexM3\ARM_GCC_541\Debug\main.o
                                0x241 (size before relaxing)
 .debug_str     0x000001f9      0x180 .\CortexM3\ARM_GCC_541\Debug\cyfitter_cfg.o
                                0x332 (size before relaxing)
 .debug_str     0x00000379       0x7f .\CortexM3\ARM_GCC_541\Debug\cymetadata.o
                                0x207 (size before relaxing)
 .debug_str     0x000003f8      0x144 .\CortexM3\ARM_GCC_541\Debug\Cm3Start.o
                                0x32d (size before relaxing)
 .debug_str     0x0000053c      0x854 .\CortexM3\ARM_GCC_541\Debug\DigitalUtilityExample01.a(CyLib.o)
                                0xa6a (size before relaxing)
 .debug_str     0x00000d90      0x365 .\CortexM3\ARM_GCC_541\Debug\DigitalUtilityExample01.a(cyPm.o)
                                0x756 (size before relaxing)
 .debug_str     0x000010f5      0x125 .\CortexM3\ARM_GCC_541\Debug\DigitalUtilityExample01.a(debounced_Int.o)
                                0x339 (size before relaxing)
 .debug_str     0x0000121a      0x3e0 .\CortexM3\ARM_GCC_541\Debug\DigitalUtilityExample01.a(screen.o)
                                0x60b (size before relaxing)
 .debug_str     0x000015fa       0x64 .\CortexM3\ARM_GCC_541\Debug\DigitalUtilityExample01.a(screen_INT.o)
                                0x2c4 (size before relaxing)
 .debug_str     0x0000165e      0x20a .\CortexM3\ARM_GCC_541\Debug\DigitalUtilityExample01.a(PRINTER_A.o)
                                0x4ba (size before relaxing)
 .debug_str     0x00001868       0x37 .\CortexM3\ARM_GCC_541\Debug\DigitalUtilityExample01.a(PRINTER_A_INT.o)
                                0x222 (size before relaxing)
 .debug_str     0x0000189f      0x197 .\CortexM3\ARM_GCC_541\Debug\DigitalUtilityExample01.a(screen_IntClock.o)
                                0x371 (size before relaxing)
 .debug_str     0x00001a36      0x16a .\CortexM3\ARM_GCC_541\Debug\DigitalUtilityExample01.a(PRINTER_A_IntClock.o)
                                0x395 (size before relaxing)
 .debug_str     0x00001ba0      0x19c .\CortexM3\ARM_GCC_541\Debug\DigitalUtilityExample01.a(CyFlash.o)
                                0x3c4 (size before relaxing)
 .debug_str     0x00001d3c       0xac .\CortexM3\ARM_GCC_541\Debug\DigitalUtilityExample01.a(CySpc.o)
                                0x34d (size before relaxing)

.debug_loc      0x00000000     0x20bf
 *(.debug_loc)
 .debug_loc     0x00000000      0x1d7 .\CortexM3\ARM_GCC_541\Debug\cyfitter_cfg.o
 .debug_loc     0x000001d7      0x144 .\CortexM3\ARM_GCC_541\Debug\Cm3Start.o
 .debug_loc     0x0000031b      0xa11 .\CortexM3\ARM_GCC_541\Debug\DigitalUtilityExample01.a(CyLib.o)
 .debug_loc     0x00000d2c      0x1e4 .\CortexM3\ARM_GCC_541\Debug\DigitalUtilityExample01.a(cyPm.o)
 .debug_loc     0x00000f10       0x56 .\CortexM3\ARM_GCC_541\Debug\DigitalUtilityExample01.a(debounced_Int.o)
 .debug_loc     0x00000f66      0x36c .\CortexM3\ARM_GCC_541\Debug\DigitalUtilityExample01.a(screen.o)
 .debug_loc     0x000012d2       0x45 .\CortexM3\ARM_GCC_541\Debug\DigitalUtilityExample01.a(screen_INT.o)
 .debug_loc     0x00001317      0x215 .\CortexM3\ARM_GCC_541\Debug\DigitalUtilityExample01.a(PRINTER_A.o)
 .debug_loc     0x0000152c      0x12c .\CortexM3\ARM_GCC_541\Debug\DigitalUtilityExample01.a(screen_IntClock.o)
 .debug_loc     0x00001658      0x128 .\CortexM3\ARM_GCC_541\Debug\DigitalUtilityExample01.a(PRINTER_A_IntClock.o)
 .debug_loc     0x00001780      0x2f2 .\CortexM3\ARM_GCC_541\Debug\DigitalUtilityExample01.a(CyFlash.o)
 .debug_loc     0x00001a72      0x64d .\CortexM3\ARM_GCC_541\Debug\DigitalUtilityExample01.a(CySpc.o)

.debug_macinfo
 *(.debug_macinfo)

.debug_ranges   0x00000000      0x750
 *(.debug_ranges)
 .debug_ranges  0x00000000       0x18 .\CortexM3\ARM_GCC_541\Debug\main.o
 .debug_ranges  0x00000018       0x48 .\CortexM3\ARM_GCC_541\Debug\cyfitter_cfg.o
 .debug_ranges  0x00000060       0x38 .\CortexM3\ARM_GCC_541\Debug\Cm3Start.o
 .debug_ranges  0x00000098      0x290 .\CortexM3\ARM_GCC_541\Debug\DigitalUtilityExample01.a(CyLib.o)
 .debug_ranges  0x00000328       0x88 .\CortexM3\ARM_GCC_541\Debug\DigitalUtilityExample01.a(cyPm.o)
 .debug_ranges  0x000003b0       0x70 .\CortexM3\ARM_GCC_541\Debug\DigitalUtilityExample01.a(debounced_Int.o)
 .debug_ranges  0x00000420       0xe0 .\CortexM3\ARM_GCC_541\Debug\DigitalUtilityExample01.a(screen.o)
 .debug_ranges  0x00000500       0x18 .\CortexM3\ARM_GCC_541\Debug\DigitalUtilityExample01.a(screen_INT.o)
 .debug_ranges  0x00000518       0x90 .\CortexM3\ARM_GCC_541\Debug\DigitalUtilityExample01.a(PRINTER_A.o)
 .debug_ranges  0x000005a8       0x10 .\CortexM3\ARM_GCC_541\Debug\DigitalUtilityExample01.a(PRINTER_A_INT.o)
 .debug_ranges  0x000005b8       0x60 .\CortexM3\ARM_GCC_541\Debug\DigitalUtilityExample01.a(screen_IntClock.o)
 .debug_ranges  0x00000618       0x60 .\CortexM3\ARM_GCC_541\Debug\DigitalUtilityExample01.a(PRINTER_A_IntClock.o)
 .debug_ranges  0x00000678       0x70 .\CortexM3\ARM_GCC_541\Debug\DigitalUtilityExample01.a(CyFlash.o)
 .debug_ranges  0x000006e8       0x68 .\CortexM3\ARM_GCC_541\Debug\DigitalUtilityExample01.a(CySpc.o)

.comment        0x00000000       0x6e
 .comment       0x00000000       0x6e .\CortexM3\ARM_GCC_541\Debug\main.o
                                 0x6f (size before relaxing)
 .comment       0x0000006e       0x6f .\CortexM3\ARM_GCC_541\Debug\cyfitter_cfg.o
 .comment       0x0000006e       0x6f .\CortexM3\ARM_GCC_541\Debug\cymetadata.o
 .comment       0x0000006e       0x6f .\CortexM3\ARM_GCC_541\Debug\Cm3Start.o
 .comment       0x0000006e       0x6f .\CortexM3\ARM_GCC_541\Debug\DigitalUtilityExample01.a(CyLib.o)
 .comment       0x0000006e       0x6f .\CortexM3\ARM_GCC_541\Debug\DigitalUtilityExample01.a(cyPm.o)
 .comment       0x0000006e       0x6f .\CortexM3\ARM_GCC_541\Debug\DigitalUtilityExample01.a(debounced_Int.o)
 .comment       0x0000006e       0x6f .\CortexM3\ARM_GCC_541\Debug\DigitalUtilityExample01.a(screen.o)
 .comment       0x0000006e       0x6f .\CortexM3\ARM_GCC_541\Debug\DigitalUtilityExample01.a(screen_INT.o)
 .comment       0x0000006e       0x6f .\CortexM3\ARM_GCC_541\Debug\DigitalUtilityExample01.a(PRINTER_A.o)
 .comment       0x0000006e       0x6f .\CortexM3\ARM_GCC_541\Debug\DigitalUtilityExample01.a(PRINTER_A_INT.o)
 .comment       0x0000006e       0x6f .\CortexM3\ARM_GCC_541\Debug\DigitalUtilityExample01.a(screen_IntClock.o)
 .comment       0x0000006e       0x6f .\CortexM3\ARM_GCC_541\Debug\DigitalUtilityExample01.a(PRINTER_A_IntClock.o)
 .comment       0x0000006e       0x6f .\CortexM3\ARM_GCC_541\Debug\DigitalUtilityExample01.a(CyFlash.o)
 .comment       0x0000006e       0x6f .\CortexM3\ARM_GCC_541\Debug\DigitalUtilityExample01.a(CySpc.o)

.debug_weaknames
 *(.debug_weaknames)

.debug_funcnames
 *(.debug_funcnames)

.debug_typenames
 *(.debug_typenames)

.debug_varnames
 *(.debug_varnames)

.note.gnu.arm.ident
 *(.note.gnu.arm.ident)

.ARM.attributes
                0x00000000       0x29
 *(.ARM.attributes)
 .ARM.attributes
                0x00000000       0x1d c:/program files (x86)/cypress/psoc creator/4.2/psoc creator/import/gnu/arm/5.4.1/bin/../lib/gcc/arm-none-eabi/5.4.1/armv7-m/crti.o
 .ARM.attributes
                0x0000001d       0x2d c:/program files (x86)/cypress/psoc creator/4.2/psoc creator/import/gnu/arm/5.4.1/bin/../lib/gcc/arm-none-eabi/5.4.1/armv7-m/crtbegin.o
 .ARM.attributes
                0x0000004a       0x1b c:/program files (x86)/cypress/psoc creator/4.2/psoc creator/import/gnu/arm/5.4.1/bin/../lib/gcc/arm-none-eabi/5.4.1/../../../../arm-none-eabi/lib/armv7-m/crt0.o
 .ARM.attributes
                0x00000065       0x33 .\CortexM3\ARM_GCC_541\Debug\main.o
 .ARM.attributes
                0x00000098       0x33 .\CortexM3\ARM_GCC_541\Debug\cyfitter_cfg.o
 .ARM.attributes
                0x000000cb       0x33 .\CortexM3\ARM_GCC_541\Debug\cymetadata.o
 .ARM.attributes
                0x000000fe       0x33 .\CortexM3\ARM_GCC_541\Debug\Cm3Start.o
 .ARM.attributes
                0x00000131       0x33 .\CortexM3\ARM_GCC_541\Debug\DigitalUtilityExample01.a(CyLib.o)
 .ARM.attributes
                0x00000164       0x33 .\CortexM3\ARM_GCC_541\Debug\DigitalUtilityExample01.a(cyPm.o)
 .ARM.attributes
                0x00000197       0x33 .\CortexM3\ARM_GCC_541\Debug\DigitalUtilityExample01.a(debounced_Int.o)
 .ARM.attributes
                0x000001ca       0x33 .\CortexM3\ARM_GCC_541\Debug\DigitalUtilityExample01.a(screen.o)
 .ARM.attributes
                0x000001fd       0x33 .\CortexM3\ARM_GCC_541\Debug\DigitalUtilityExample01.a(screen_INT.o)
 .ARM.attributes
                0x00000230       0x33 .\CortexM3\ARM_GCC_541\Debug\DigitalUtilityExample01.a(PRINTER_A.o)
 .ARM.attributes
                0x00000263       0x33 .\CortexM3\ARM_GCC_541\Debug\DigitalUtilityExample01.a(PRINTER_A_INT.o)
 .ARM.attributes
                0x00000296       0x33 .\CortexM3\ARM_GCC_541\Debug\DigitalUtilityExample01.a(screen_IntClock.o)
 .ARM.attributes
                0x000002c9       0x33 .\CortexM3\ARM_GCC_541\Debug\DigitalUtilityExample01.a(PRINTER_A_IntClock.o)
 .ARM.attributes
                0x000002fc       0x21 .\CortexM3\ARM_GCC_541\Debug\DigitalUtilityExample01.a(CyBootAsmGnu.o)
 .ARM.attributes
                0x0000031d       0x33 .\CortexM3\ARM_GCC_541\Debug\DigitalUtilityExample01.a(CyFlash.o)
 .ARM.attributes
                0x00000350       0x33 .\CortexM3\ARM_GCC_541\Debug\DigitalUtilityExample01.a(CySpc.o)
 .ARM.attributes
                0x00000383       0x2d c:/program files (x86)/cypress/psoc creator/4.2/psoc creator/import/gnu/arm/5.4.1/bin/../lib/gcc/arm-none-eabi/5.4.1/../../../../arm-none-eabi/lib/armv7-m\libg_nano.a(lib_a-errno.o)
 .ARM.attributes
                0x000003b0       0x2d c:/program files (x86)/cypress/psoc creator/4.2/psoc creator/import/gnu/arm/5.4.1/bin/../lib/gcc/arm-none-eabi/5.4.1/../../../../arm-none-eabi/lib/armv7-m\libg_nano.a(lib_a-exit.o)
 .ARM.attributes
                0x000003dd       0x2d c:/program files (x86)/cypress/psoc creator/4.2/psoc creator/import/gnu/arm/5.4.1/bin/../lib/gcc/arm-none-eabi/5.4.1/../../../../arm-none-eabi/lib/armv7-m\libg_nano.a(lib_a-impure.o)
 .ARM.attributes
                0x0000040a       0x2d c:/program files (x86)/cypress/psoc creator/4.2/psoc creator/import/gnu/arm/5.4.1/bin/../lib/gcc/arm-none-eabi/5.4.1/../../../../arm-none-eabi/lib/armv7-m\libg_nano.a(lib_a-init.o)
 .ARM.attributes
                0x00000437       0x2d c:/program files (x86)/cypress/psoc creator/4.2/psoc creator/import/gnu/arm/5.4.1/bin/../lib/gcc/arm-none-eabi/5.4.1/../../../../arm-none-eabi/lib/armv7-m\libg_nano.a(lib_a-memcpy-stub.o)
 .ARM.attributes
                0x00000464       0x2d c:/program files (x86)/cypress/psoc creator/4.2/psoc creator/import/gnu/arm/5.4.1/bin/../lib/gcc/arm-none-eabi/5.4.1/../../../../arm-none-eabi/lib/armv7-m\libg_nano.a(lib_a-memset.o)
 .ARM.attributes
                0x00000491       0x2d c:/program files (x86)/cypress/psoc creator/4.2/psoc creator/import/gnu/arm/5.4.1/bin/../lib/gcc/arm-none-eabi/5.4.1/armv7-m/crtend.o
 .ARM.attributes
                0x000004be       0x1d c:/program files (x86)/cypress/psoc creator/4.2/psoc creator/import/gnu/arm/5.4.1/bin/../lib/gcc/arm-none-eabi/5.4.1/armv7-m/crtn.o

/DISCARD/
 *(.note.GNU-stack)
OUTPUT(C:\Users\Lenovo\Documents\PSoC Creator\DigitalUtilityExample01\IMP-CRR\DigitalUtilityExample01.cydsn\CortexM3\ARM_GCC_541\Debug\DigitalUtilityExample01.elf elf32-littlearm)
